Component: ARM Compiler 5.06 update 7 (build 960) Tool: armlink [4d3601]

==============================================================================

Section Cross References

    startup_stm32f427xx.o(RESET) refers to startup_stm32f427xx.o(STACK) for __initial_sp
    startup_stm32f427xx.o(RESET) refers to startup_stm32f427xx.o(.text) for Reset_Handler
    startup_stm32f427xx.o(RESET) refers to stm32f4xx_it.o(i.NMI_Handler) for NMI_Handler
    startup_stm32f427xx.o(RESET) refers to stm32f4xx_it.o(i.HardFault_Handler) for HardFault_Handler
    startup_stm32f427xx.o(RESET) refers to stm32f4xx_it.o(i.MemManage_Handler) for MemManage_Handler
    startup_stm32f427xx.o(RESET) refers to stm32f4xx_it.o(i.BusFault_Handler) for BusFault_Handler
    startup_stm32f427xx.o(RESET) refers to stm32f4xx_it.o(i.UsageFault_Handler) for UsageFault_Handler
    startup_stm32f427xx.o(RESET) refers to port.o(.emb_text) for SVC_Handler
    startup_stm32f427xx.o(RESET) refers to stm32f4xx_it.o(i.DebugMon_Handler) for DebugMon_Handler
    startup_stm32f427xx.o(RESET) refers to port.o(i.SysTick_Handler) for SysTick_Handler
    startup_stm32f427xx.o(RESET) refers to stm32f4xx_it.o(i.DMA1_Stream0_IRQHandler) for DMA1_Stream0_IRQHandler
    startup_stm32f427xx.o(RESET) refers to stm32f4xx_it.o(i.DMA1_Stream1_IRQHandler) for DMA1_Stream1_IRQHandler
    startup_stm32f427xx.o(RESET) refers to stm32f4xx_it.o(i.DMA1_Stream6_IRQHandler) for DMA1_Stream6_IRQHandler
    startup_stm32f427xx.o(RESET) refers to stm32f4xx_it.o(i.CAN1_TX_IRQHandler) for CAN1_TX_IRQHandler
    startup_stm32f427xx.o(RESET) refers to stm32f4xx_it.o(i.CAN1_RX0_IRQHandler) for CAN1_RX0_IRQHandler
    startup_stm32f427xx.o(RESET) refers to stm32f4xx_it.o(i.TIM6_DAC_IRQHandler) for TIM6_DAC_IRQHandler
    startup_stm32f427xx.o(RESET) refers to stm32f4xx_it.o(i.DMA2_Stream1_IRQHandler) for DMA2_Stream1_IRQHandler
    startup_stm32f427xx.o(RESET) refers to stm32f4xx_it.o(i.CAN2_TX_IRQHandler) for CAN2_TX_IRQHandler
    startup_stm32f427xx.o(RESET) refers to stm32f4xx_it.o(i.CAN2_RX1_IRQHandler) for CAN2_RX1_IRQHandler
    startup_stm32f427xx.o(RESET) refers to stm32f4xx_it.o(i.UART7_IRQHandler) for UART7_IRQHandler
    startup_stm32f427xx.o(RESET) refers to stm32f4xx_it.o(i.UART8_IRQHandler) for UART8_IRQHandler
    startup_stm32f427xx.o(.text) refers to system_stm32f4xx.o(i.SystemInit) for SystemInit
    startup_stm32f427xx.o(.text) refers to entry.o(.ARM.Collect$$$$00000000) for __main
    main.o(i.HAL_TIM_PeriodElapsedCallback) refers to stm32f4xx_hal.o(i.HAL_IncTick) for HAL_IncTick
    main.o(i.SystemClock_Config) refers to memseta.o(.text) for __aeabi_memclr4
    main.o(i.SystemClock_Config) refers to stm32f4xx_hal_rcc.o(i.HAL_RCC_OscConfig) for HAL_RCC_OscConfig
    main.o(i.SystemClock_Config) refers to main.o(i.Error_Handler) for Error_Handler
    main.o(i.SystemClock_Config) refers to stm32f4xx_hal_rcc.o(i.HAL_RCC_ClockConfig) for HAL_RCC_ClockConfig
    main.o(i.main) refers to stm32f4xx_hal.o(i.HAL_Init) for HAL_Init
    main.o(i.main) refers to main.o(i.SystemClock_Config) for SystemClock_Config
    main.o(i.main) refers to system_config.o(i.System_Init) for System_Init
    main.o(i.main) refers to gpio.o(i.MX_GPIO_Init) for MX_GPIO_Init
    main.o(i.main) refers to tim.o(i.MX_TIM2_Init) for MX_TIM2_Init
    main.o(i.main) refers to tim.o(i.MX_TIM5_Init) for MX_TIM5_Init
    main.o(i.main) refers to tim.o(i.MX_TIM8_Init) for MX_TIM8_Init
    main.o(i.main) refers to freertos.o(i.MX_FREERTOS_Init) for MX_FREERTOS_Init
    main.o(i.main) refers to cmsis_os.o(i.osKernelStart) for osKernelStart
    gpio.o(i.MX_GPIO_Init) refers to memseta.o(.text) for __aeabi_memclr4
    gpio.o(i.MX_GPIO_Init) refers to stm32f4xx_hal_gpio.o(i.HAL_GPIO_WritePin) for HAL_GPIO_WritePin
    gpio.o(i.MX_GPIO_Init) refers to stm32f4xx_hal_gpio.o(i.HAL_GPIO_Init) for HAL_GPIO_Init
    freertos.o(i.Handle_Task) refers to stm32f4xx_hal_tim.o(i.HAL_TIM_PWM_Start) for HAL_TIM_PWM_Start
    freertos.o(i.Handle_Task) refers to stm32f4xx_hal.o(i.HAL_Delay) for HAL_Delay
    freertos.o(i.Handle_Task) refers to cmsis_os.o(i.osDelay) for osDelay
    freertos.o(i.Handle_Task) refers to tim.o(.bss) for htim2
    freertos.o(i.Init_Task) refers to motor_control.o(i.comm_can_set_rpm) for comm_can_set_rpm
    freertos.o(i.Init_Task) refers to cmsis_os.o(i.osDelay) for osDelay
    freertos.o(i.Init_Task) refers to vesc_can.o(.bss) for Mad_Velocity
    freertos.o(i.MX_FREERTOS_Init) refers to memcpya.o(.text) for __aeabi_memcpy4
    freertos.o(i.MX_FREERTOS_Init) refers to cmsis_os.o(i.osThreadCreate) for osThreadCreate
    freertos.o(i.MX_FREERTOS_Init) refers to freertos.o(.constdata) for .constdata
    freertos.o(i.MX_FREERTOS_Init) refers to freertos.o(.data) for defaultTaskHandle
    freertos.o(i.Monitor_Task) refers to cmsis_os.o(i.osDelay) for osDelay
    freertos.o(i.Regulate_Task) refers to pid.o(i.ClassicPidRegulate) for ClassicPidRegulate
[...]
    i.HAL_UART_RxHalfCpltCallback            0x08003366   Section        0  stm32f4xx_hal_uart.o(i.HAL_UART_RxHalfCpltCallback)
    i.HAL_UART_Transmit_DMA                  0x08003368   Section        0  stm32f4xx_hal_uart.o(i.HAL_UART_Transmit_DMA)
    i.HAL_UART_TxCpltCallback                0x080033f4   Section        0  stm32f4xx_hal_uart.o(i.HAL_UART_TxCpltCallback)
    i.HAL_UART_TxHalfCpltCallback            0x080033f6   Section        0  stm32f4xx_hal_uart.o(i.HAL_UART_TxHalfCpltCallback)
    i.Handle_Task                            0x080033f8   Section        0  freertos.o(i.Handle_Task)
    i.HardFault_Handler                      0x08003454   Section        0  stm32f4xx_it.o(i.HardFault_Handler)
    i.Init_Task                              0x08003458   Section        0  freertos.o(i.Init_Task)
    i.Jetson_Append_Float_BigEndian          0x08003488   Section        0  usart.o(i.Jetson_Append_Float_BigEndian)
    Jetson_Append_Float_BigEndian            0x08003489   Thumb Code    56  usart.o(i.Jetson_Append_Float_BigEndian)
    i.Jetson_Calc_Checksum                   0x080034c0   Section        0  usart.o(i.Jetson_Calc_Checksum)
    Jetson_Calc_Checksum                     0x080034c1   Thumb Code    28  usart.o(i.Jetson_Calc_Checksum)
    i.Jetson_Decode                          0x080034dc   Section        0  usart.o(i.Jetson_Decode)
    i.Jetson_Send_Vesc_Feedback              0x080037c4   Section        0  usart.o(i.Jetson_Send_Vesc_Feedback)
    i.MX_CAN1_Init                           0x08003858   Section        0  can.o(i.MX_CAN1_Init)
    i.MX_CAN2_Init                           0x080038a4   Section        0  can.o(i.MX_CAN2_Init)
    i.MX_DMA_Init                            0x080038ec   Section        0  dma.o(i.MX_DMA_Init)
    i.MX_FREERTOS_Init                       0x08003974   Section        0  freertos.o(i.MX_FREERTOS_Init)
    i.MX_GPIO_Init                           0x08003a28   Section        0  gpio.o(i.MX_GPIO_Init)
    i.MX_TIM2_Init                           0x08003c04   Section        0  tim.o(i.MX_TIM2_Init)
    i.MX_TIM5_Init                           0x08003cb0   Section        0  tim.o(i.MX_TIM5_Init)
    i.MX_TIM8_Init                           0x08003d6c   Section        0  tim.o(i.MX_TIM8_Init)
    i.MX_UART7_Init                          0x08003e48   Section        0  usart.o(i.MX_UART7_Init)
    i.MX_UART8_Init                          0x08003e80   Section        0  usart.o(i.MX_UART8_Init)
    i.MX_USART6_UART_Init                    0x08003ed4   Section        0  usart.o(i.MX_USART6_UART_Init)
    i.MemManage_Handler                      0x08003f0c   Section        0  stm32f4xx_it.o(i.MemManage_Handler)
    i.Monitor_Task                           0x08003f10   Section        0  freertos.o(i.Monitor_Task)
    i.MotorPositionPidInit                   0x08003f1c   Section        0  pid.o(i.MotorPositionPidInit)
    i.MotorSpeedPidInit                      0x080040d8   Section        0  pid.o(i.MotorSpeedPidInit)
    i.NMI_Handler                            0x0800429c   Section        0  stm32f4xx_it.o(i.NMI_Handler)
    i.PidInit                                0x080042a0   Section        0  pid.o(i.PidInit)
    i.Regulate_Task                          0x080042ac   Section        0  freertos.o(i.Regulate_Task)
    i.StartDefaultTask                       0x08004338   Section        0  freertos.o(i.StartDefaultTask)
    i.SysTick_Handler                        0x08004344   Section        0  port.o(i.SysTick_Handler)
    i.SystemClock_Config                     0x08004378   Section        0  main.o(i.SystemClock_Config)
    i.SystemInit                             0x0800442c   Section        0  system_stm32f4xx.o(i.SystemInit)
    i.System_Init                            0x08004440   Section        0  system_config.o(i.System_Init)
    i.TIM6_DAC_IRQHandler                    0x0800449c   Section        0  stm32f4xx_it.o(i.TIM6_DAC_IRQHandler)
    i.TIM_Base_SetConfig                     0x080044ac   Section        0  stm32f4xx_hal_tim.o(i.TIM_Base_SetConfig)
    i.TIM_CCxChannelCmd                      0x08004594   Section        0  stm32f4xx_hal_tim.o(i.TIM_CCxChannelCmd)
    i.TIM_OC1_SetConfig                      0x080045b8   Section        0  stm32f4xx_hal_tim.o(i.TIM_OC1_SetConfig)
    TIM_OC1_SetConfig                        0x080045b9   Thumb Code   104  stm32f4xx_hal_tim.o(i.TIM_OC1_SetConfig)
    i.TIM_OC2_SetConfig                      0x08004628   Section        0  stm32f4xx_hal_tim.o(i.TIM_OC2_SetConfig)
    i.TIM_OC3_SetConfig                      0x080046a4   Section        0  stm32f4xx_hal_tim.o(i.TIM_OC3_SetConfig)
    TIM_OC3_SetConfig                        0x080046a5   Thumb Code   112  stm32f4xx_hal_tim.o(i.TIM_OC3_SetConfig)
    i.TIM_OC4_SetConfig                      0x0800471c   Section        0  stm32f4xx_hal_tim.o(i.TIM_OC4_SetConfig)
    TIM_OC4_SetConfig                        0x0800471d   Thumb Code    74  stm32f4xx_hal_tim.o(i.TIM_OC4_SetConfig)
    i.UART7_IRQHandler                       0x08004770   Section        0  stm32f4xx_it.o(i.UART7_IRQHandler)
    i.UART8_IRQHandler                       0x08004780   Section        0  stm32f4xx_it.o(i.UART8_IRQHandler)
    i.UART_DMAAbortOnError                   0x080047dc   Section        0  stm32f4xx_hal_uart.o(i.UART_DMAAbortOnError)
    UART_DMAAbortOnError                     0x080047dd   Thumb Code    20  stm32f4xx_hal_uart.o(i.UART_DMAAbortOnError)
    i.UART_DMAError                          0x080047f0   Section        0  stm32f4xx_hal_uart.o(i.UART_DMAError)
    UART_DMAError                            0x080047f1   Thumb Code    80  stm32f4xx_hal_uart.o(i.UART_DMAError)
    i.UART_DMAReceiveCplt                    0x08004840   Section        0  stm32f4xx_hal_uart.o(i.UART_DMAReceiveCplt)
    UART_DMAReceiveCplt                      0x08004841   Thumb Code   180  stm32f4xx_hal_uart.o(i.UART_DMAReceiveCplt)
    i.UART_DMARxHalfCplt                     0x080048f4   Section        0  stm32f4xx_hal_uart.o(i.UART_DMARxHalfCplt)
    UART_DMARxHalfCplt                       0x080048f5   Thumb Code    36  stm32f4xx_hal_uart.o(i.UART_DMARxHalfCplt)
    i.UART_DMATransmitCplt                   0x08004918   Section        0  stm32f4xx_hal_uart.o(i.UART_DMATransmitCplt)
    UART_DMATransmitCplt                     0x08004919   Thumb Code    88  stm32f4xx_hal_uart.o(i.UART_DMATransmitCplt)
    i.UART_DMATxHalfCplt                     0x08004970   Section        0  stm32f4xx_hal_uart.o(i.UART_DMATxHalfCplt)
    UART_DMATxHalfCplt                       0x08004971   Thumb Code    14  stm32f4xx_hal_uart.o(i.UART_DMATxHalfCplt)
    i.UART_EndRxTransfer                     0x0800497e   Section        0  stm32f4xx_hal_uart.o(i.UART_EndRxTransfer)
    UART_EndRxTransfer                       0x0800497f   Thumb Code   108  stm32f4xx_hal_uart.o(i.UART_EndRxTransfer)
    i.UART_EndTransmit_IT                    0x080049ea   Section        0  stm32f4xx_hal_uart.o(i.UART_EndTransmit_IT)
    UART_EndTransmit_IT                      0x080049eb   Thumb Code    32  stm32f4xx_hal_uart.o(i.UART_EndTransmit_IT)
    i.UART_EndTxTransfer                     0x08004a0a   Section        0  stm32f4xx_hal_uart.o(i.UART_EndTxTransfer)
    UART_EndTxTransfer                       0x08004a0b   Thumb Code    38  stm32f4xx_hal_uart.o(i.UART_EndTxTransfer)
    i.UART_Receive_IT                        0x08004a30   Section        0  stm32f4xx_hal_uart.o(i.UART_Receive_IT)
    UART_Receive_IT                          0x08004a31   Thumb Code   252  stm32f4xx_hal_uart.o(i.UART_Receive_IT)
    i.UART_SetConfig                         0x08004b2c   Section        0  stm32f4xx_hal_uart.o(i.UART_SetConfig)
    UART_SetConfig                           0x08004b2d   Thumb Code   546  stm32f4xx_hal_uart.o(i.UART_SetConfig)
    i.UART_Start_Receive_DMA                 0x08004d58   Section        0  stm32f4xx_hal_uart.o(i.UART_Start_Receive_DMA)
    i.UART_Transmit_IT                       0x08004e20   Section        0  stm32f4xx_hal_uart.o(i.UART_Transmit_IT)
    UART_Transmit_IT                         0x08004e21   Thumb Code    96  stm32f4xx_hal_uart.o(i.UART_Transmit_IT)
    i.UsageFault_Handler                     0x08004e80   Section        0  stm32f4xx_it.o(i.UsageFault_Handler)
    i.Usart_Task                             0x08004e84   Section        0  freertos.o(i.Usart_Task)
    i.__NVIC_GetPriorityGrouping             0x08004ed0   Section        0  stm32f4xx_hal_cortex.o(i.__NVIC_GetPriorityGrouping)
    __NVIC_GetPriorityGrouping               0x08004ed1   Thumb Code    10  stm32f4xx_hal_cortex.o(i.__NVIC_GetPriorityGrouping)
    i.__NVIC_SetPriority                     0x08004ee0   Section        0  stm32f4xx_hal_cortex.o(i.__NVIC_SetPriority)
    __NVIC_SetPriority                       0x08004ee1   Thumb Code    32  stm32f4xx_hal_cortex.o(i.__NVIC_SetPriority)
    i.__scatterload_copy                     0x08004f08   Section       14  handlers.o(i.__scatterload_copy)
    i.__scatterload_null                     0x08004f16   Section        2  handlers.o(i.__scatterload_null)
    i.__scatterload_zeroinit                 0x08004f18   Section       14  handlers.o(i.__scatterload_zeroinit)
    i.buffer_append_int32                    0x08004f26   Section        0  motor_control.o(i.buffer_append_int32)
    buffer_append_int32                      0x08004f27   Thumb Code    46  motor_control.o(i.buffer_append_int32)
    i.comm_can_set_rpm                       0x08004f54   Section        0  motor_control.o(i.comm_can_set_rpm)
    i.comm_can_transmit_eid                  0x08004f8c   Section        0  motor_control.o(i.comm_can_transmit_eid)
    comm_can_transmit_eid                    0x08004f8d   Thumb Code    56  motor_control.o(i.comm_can_transmit_eid)
    i.get_motor_measure                      0x08004fc8   Section        0  motor_control.o(i.get_motor_measure)
    get_motor_measure                        0x08004fc9   Thumb Code   132  motor_control.o(i.get_motor_measure)
    i.main                                   0x0800504c   Section        0  main.o(i.main)
    i.makeFreeRtosPriority                   0x08005074   Section        0  cmsis_os.o(i.makeFreeRtosPriority)
    makeFreeRtosPriority                     0x08005075   Thumb Code    14  cmsis_os.o(i.makeFreeRtosPriority)
    i.my_can_filter_init_recv_all            0x08005084   Section        0  can.o(i.my_can_filter_init_recv_all)
    i.osDelay                                0x080050f0   Section        0  cmsis_os.o(i.osDelay)
    i.osKernelStart                          0x08005108   Section        0  cmsis_os.o(i.osKernelStart)
    i.osThreadCreate                         0x08005112   Section        0  cmsis_os.o(i.osThreadCreate)
    i.prvAddCurrentTaskToDelayedList         0x08005170   Section        0  tasks.o(i.prvAddCurrentTaskToDelayedList)
    prvAddCurrentTaskToDelayedList           0x08005171   Thumb Code   124  tasks.o(i.prvAddCurrentTaskToDelayedList)
    i.prvAddNewTaskToReadyList               0x08005208   Section        0  tasks.o(i.prvAddNewTaskToReadyList)
    prvAddNewTaskToReadyList                 0x08005209   Thumb Code   150  tasks.o(i.prvAddNewTaskToReadyList)
    i.prvCheckTasksWaitingTermination        0x080052bc   Section        0  tasks.o(i.prvCheckTasksWaitingTermination)
    prvCheckTasksWaitingTermination          0x080052bd   Thumb Code    60  tasks.o(i.prvCheckTasksWaitingTermination)
    i.prvDeleteTCB                           0x08005304   Section        0  tasks.o(i.prvDeleteTCB)
    prvDeleteTCB                             0x08005305   Thumb Code    80  tasks.o(i.prvDeleteTCB)
    i.prvHeapInit                            0x08005354   Section        0  heap_4.o(i.prvHeapInit)
    prvHeapInit                              0x08005355   Thumb Code    98  heap_4.o(i.prvHeapInit)
    i.prvIdleTask                            0x080053d0   Section        0  tasks.o(i.prvIdleTask)
    prvIdleTask                              0x080053d1   Thumb Code    32  tasks.o(i.prvIdleTask)
    i.prvInitialiseNewTask                   0x080053f8   Section        0  tasks.o(i.prvInitialiseNewTask)
    prvInitialiseNewTask                     0x080053f9   Thumb Code   180  tasks.o(i.prvInitialiseNewTask)
    i.prvInitialiseTaskLists                 0x080054ac   Section        0  tasks.o(i.prvInitialiseTaskLists)
    prvInitialiseTaskLists                   0x080054ad   Thumb Code    70  tasks.o(i.prvInitialiseTaskLists)
    i.prvInsertBlockIntoFreeList             0x08005514   Section        0  heap_4.o(i.prvInsertBlockIntoFreeList)
    prvInsertBlockIntoFreeList               0x08005515   Thumb Code    96  heap_4.o(i.prvInsertBlockIntoFreeList)
    i.prvResetNextTaskUnblockTime            0x0800557c   Section        0  tasks.o(i.prvResetNextTaskUnblockTime)
    prvResetNextTaskUnblockTime              0x0800557d   Thumb Code    42  tasks.o(i.prvResetNextTaskUnblockTime)
    i.prvTaskExitError                       0x080055b0   Section        0  port.o(i.prvTaskExitError)
    prvTaskExitError                         0x080055b1   Thumb Code    60  port.o(i.prvTaskExitError)
    i.pvPortMalloc                           0x080055f0   Section        0  heap_4.o(i.pvPortMalloc)
    i.pxPortInitialiseStack                  0x0800573c   Section        0  port.o(i.pxPortInitialiseStack)
    i.uxListRemove                           0x08005768   Section        0  list.o(i.uxListRemove)
    i.vApplicationGetIdleTaskMemory          0x08005790   Section        0  freertos.o(i.vApplicationGetIdleTaskMemory)
    i.vListInitialise                        0x080057a8   Section        0  list.o(i.vListInitialise)
    i.vListInitialiseItem                    0x080057c2   Section        0  list.o(i.vListInitialiseItem)
    i.vListInsert                            0x080057c8   Section        0  list.o(i.vListInsert)
    i.vListInsertEnd                         0x080057fc   Section        0  list.o(i.vListInsertEnd)
    i.vPortEnterCritical                     0x08005814   Section        0  port.o(i.vPortEnterCritical)
    i.vPortExitCritical                      0x08005868   Section        0  port.o(i.vPortExitCritical)
    i.vPortFree                              0x080058a4   Section        0  heap_4.o(i.vPortFree)
    i.vPortSetupTimerInterrupt               0x08005948   Section        0  port.o(i.vPortSetupTimerInterrupt)
    i.vTaskDelay                             0x08005970   Section        0  tasks.o(i.vTaskDelay)
    i.vTaskStartScheduler                    0x080059cc   Section        0  tasks.o(i.vTaskStartScheduler)
    i.vTaskSuspendAll                        0x08005a7c   Section        0  tasks.o(i.vTaskSuspendAll)
    i.vTaskSwitchContext                     0x08005a8c   Section        0  tasks.o(i.vTaskSwitchContext)
    i.vesc_can_buffer_get_int16              0x08005b18   Section        0  vesc_can.o(i.vesc_can_buffer_get_int16)
    vesc_can_buffer_get_int16                0x08005b19   Thumb Code    28  vesc_can.o(i.vesc_can_buffer_get_int16)
    i.vesc_can_buffer_get_int32              0x08005b34   Section        0  vesc_can.o(i.vesc_can_buffer_get_int32)
    vesc_can_buffer_get_int32                0x08005b35   Thumb Code    48  vesc_can.o(i.vesc_can_buffer_get_int32)
    i.vesc_can_get_feedback_array            0x08005b64   Section        0  vesc_can.o(i.vesc_can_get_feedback_array)
    i.vesc_can_handle_rx_frame               0x08005b6c   Section        0  vesc_can.o(i.vesc_can_handle_rx_frame)
    i.vesc_can_init                          0x08005d6c   Section        0  vesc_can.o(i.vesc_can_init)
    i.vesc_can_is_valid_id                   0x08005db0   Section        0  vesc_can.o(i.vesc_can_is_valid_id)
    vesc_can_is_valid_id                     0x08005db1   Thumb Code    16  vesc_can.o(i.vesc_can_is_valid_id)
    i.vesc_can_status_from_id                0x08005dc0   Section        0  vesc_can.o(i.vesc_can_status_from_id)
    vesc_can_status_from_id                  0x08005dc1   Thumb Code    26  vesc_can.o(i.vesc_can_status_from_id)
    i.vesc_can_update_feedback_array         0x08005de0   Section        0  vesc_can.o(i.vesc_can_update_feedback_array)
    vesc_can_update_feedback_array           0x08005de1   Thumb Code    56  vesc_can.o(i.vesc_can_update_feedback_array)
    i.xPortStartScheduler                    0x08005e1c   Section        0  port.o(i.xPortStartScheduler)
    i.xTaskCreate                            0x08005f84   Section        0  tasks.o(i.xTaskCreate)
    i.xTaskCreateStatic                      0x08005fe8   Section        0  tasks.o(i.xTaskCreateStatic)
    i.xTaskIncrementTick                     0x080060a4   Section        0  tasks.o(i.xTaskIncrementTick)
    i.xTaskResumeAll                         0x080061ec   Section        0  tasks.o(i.xTaskResumeAll)
    .constdata                               0x080062f0   Section      168  freertos.o(.constdata)
    .constdata                               0x08006398   Section        8  stm32f4xx_hal_dma.o(.constdata)
    flagBitshiftOffset                       0x08006398   Data           8  stm32f4xx_hal_dma.o(.constdata)
    .constdata                               0x080063a0   Section       24  system_stm32f4xx.o(.constdata)
    .conststring                             0x080063b8   Section       72  freertos.o(.conststring)
    .data                                    0x20000000   Section       56  freertos.o(.data)
    .data                                    0x20000038   Section        4  can.o(.data)
    HAL_RCC_CAN1_CLK_ENABLED                 0x20000038   Data           4  can.o(.data)
    .data                                    0x2000003c   Section        2  stm32f4xx_it.o(.data)
    .data                                    0x20000040   Section        9  stm32f4xx_hal.o(.data)
    .data                                    0x2000004c   Section        4  system_stm32f4xx.o(.data)
    .data                                    0x20000050   Section       60  tasks.o(.data)
    pxDelayedTaskList                        0x20000054   Data           4  tasks.o(.data)
    pxOverflowDelayedTaskList                0x20000058   Data           4  tasks.o(.data)
    uxDeletedTasksWaitingCleanUp             0x2000005c   Data           4  tasks.o(.data)
    uxCurrentNumberOfTasks                   0x20000060   Data           4  tasks.o(.data)
    xTickCount                               0x20000064   Data           4  tasks.o(.data)
    uxTopReadyPriority                       0x20000068   Data           4  tasks.o(.data)
    xSchedulerRunning                        0x2000006c   Data           4  tasks.o(.data)
    xPendedTicks                             0x20000070   Data           4  tasks.o(.data)
    xYieldPending                            0x20000074   Data           4  tasks.o(.data)
    xNumOfOverflows                          0x20000078   Data           4  tasks.o(.data)
    uxTaskNumber                             0x2000007c   Data           4  tasks.o(.data)
    xNextTaskUnblockTime                     0x20000080   Data           4  tasks.o(.data)
    xIdleTaskHandle                          0x20000084   Data           4  tasks.o(.data)
    uxSchedulerSuspended                     0x20000088   Data           4  tasks.o(.data)
    .data                                    0x2000008c   Section       32  heap_4.o(.data)
    xStart                                   0x2000008c   Data           8  heap_4.o(.data)
    pxEnd                                    0x20000094   Data           4  heap_4.o(.data)
    xFreeBytesRemaining                      0x20000098   Data           4  heap_4.o(.data)
    xMinimumEverFreeBytesRemaining           0x2000009c   Data           4  heap_4.o(.data)
    xNumberOfSuccessfulAllocations           0x200000a0   Data           4  heap_4.o(.data)
    xNumberOfSuccessfulFrees                 0x200000a4   Data           4  heap_4.o(.data)
    xBlockAllocatedBit                       0x200000a8   Data           4  heap_4.o(.data)
    .data                                    0x200000ac   Section       12  port.o(.data)
    uxCriticalNesting                        0x200000ac   Data           4  port.o(.data)
    ucMaxSysCallPriority                     0x200000b0   Data           1  port.o(.data)
    ulMaxPRIGROUPValue                       0x200000b4   Data           4  port.o(.data)
    .bss                                     0x200000b8   Section      620  freertos.o(.bss)
    xIdleTaskTCBBuffer                       0x200000d0   Data          84  freertos.o(.bss)
    xIdleStack                               0x20000124   Data         512  freertos.o(.bss)
    .bss                                     0x20000324   Section       80  can.o(.bss)
    .bss                                     0x20000374   Section      216  tim.o(.bss)
    .bss                                     0x2000044c   Section      936  usart.o(.bss)
    Jetson_Vesc_Tx_Buffer                    0x20000578   Data          36  usart.o(.bss)
    .bss                                     0x200007f4   Section       72  stm32f4xx_hal_timebase_tim.o(.bss)
    .bss                                     0x2000083c   Section      240  tasks.o(.bss)
    pxReadyTasksLists                        0x2000083c   Data         140  tasks.o(.bss)
    xDelayedTaskList1                        0x200008c8   Data          20  tasks.o(.bss)
    xDelayedTaskList2                        0x200008dc   Data          20  tasks.o(.bss)
    xPendingReadyList                        0x200008f0   Data          20  tasks.o(.bss)
    xTasksWaitingTermination                 0x20000904   Data          20  tasks.o(.bss)
    xSuspendedTaskList                       0x20000918   Data          20  tasks.o(.bss)
    .bss                                     0x2000092c   Section    15360  heap_4.o(.bss)
    ucHeap                                   0x2000092c   Data       15360  heap_4.o(.bss)
    .bss                                     0x2000452c   Section      896  pid.o(.bss)
    .bss                                     0x200048ac   Section      464  motor_control.o(.bss)
    chassis_tx_message1                      0x20004a4c   Data          24  motor_control.o(.bss)
    chassis_tx_message2                      0x20004a64   Data          24  motor_control.o(.bss)
    .bss                                     0x20004a7c   Section      304  vesc_can.o(.bss)
    vesc_status                              0x20004aac   Data         256  vesc_can.o(.bss)
    STACK                                    0x20004bb0   Section     1024  startup_stm32f427xx.o(STACK)

    Global Symbols

    Symbol Name                              Value     Ov Type        Size  Object(Section)

    BuildAttributes$$THM_ISAv4$E$P$D$K$B$S$7EM$VFPi3$EXTD16$VFPS$VFMA$PE$A:L22UL41UL21$X:L11$S22US41US21$IEEE1$IW$USESV6$~STKCKD$USESV7$~SHL$OSPACE$ROPI$EBA8$MICROLIB$REQ8$PRES8$EABIv2 0x00000000   Number         0  anon$$obj.o ABSOLUTE
    __ARM_use_no_argv                        0x00000000   Number         0  main.o ABSOLUTE
    __arm_fini_                               - Undefined Weak Reference
    __cpp_initialize__aeabi_                  - Undefined Weak Reference
    __cxa_finalize                            - Undefined Weak Reference
    __decompress                              - Undefined Weak Reference
    _clock_init                               - Undefined Weak Reference
    _microlib_exit                            - Undefined Weak Reference
    __Vectors_Size                           0x000001ac   Number         0  startup_stm32f427xx.o ABSOLUTE
    __Vectors                                0x08000000   Data           4  startup_stm32f427xx.o(RESET)
    __Vectors_End                            0x080001ac   Data           0  startup_stm32f427xx.o(RESET)
    __main                                   0x080001ad   Thumb Code     0  entry.o(.ARM.Collect$$$$00000000)
    _main_stk                                0x080001ad   Thumb Code     0  entry2.o(.ARM.Collect$$$$00000001)
    _main_scatterload                        0x080001b1   Thumb Code     0  entry5.o(.ARM.Collect$$$$00000004)
    __main_after_scatterload                 0x080001b5   Thumb Code     0  entry5.o(.ARM.Collect$$$$00000004)
    _main_clock                              0x080001b5   Thumb Code     0  entry7b.o(.ARM.Collect$$$$00000008)
    _main_cpp_init                           0x080001b5   Thumb Code     0  entry8b.o(.ARM.Collect$$$$0000000A)
    _main_init                               0x080001b5   Thumb Code     0  entry9a.o(.ARM.Collect$$$$0000000B)
    __rt_lib_shutdown_fini                   0x080001bd   Thumb Code     0  entry12b.o(.ARM.Collect$$$$0000000E)
    __rt_final_cpp                           0x080001c1   Thumb Code     0  entry10a.o(.ARM.Collect$$$$0000000F)
    __rt_final_exit                          0x080001c1   Thumb Code     0  entry11a.o(.ARM.Collect$$$$00000011)
    SVC_Handler                              0x080001c5   Thumb Code    28  port.o(.emb_text)
    __asm___6_port_c_39a90d8d__prvStartFirstTask 0x080001e5   Thumb Code    36  port.o(.emb_text)
    __asm___6_port_c_39a90d8d__prvEnableVFP  0x0800020d   Thumb Code    16  port.o(.emb_text)
    PendSV_Handler                           0x08000221   Thumb Code    88  port.o(.emb_text)
    vPortGetIPSR                             0x0800027d   Thumb Code     6  port.o(.emb_text)
    Reset_Handler                            0x08000285   Thumb Code     8  startup_stm32f427xx.o(.text)
    ADC_IRQHandler                           0x0800029f   Thumb Code     0  startup_stm32f427xx.o(.text)
    CAN1_RX1_IRQHandler                      0x0800029f   Thumb Code     0  startup_stm32f427xx.o(.text)
    CAN1_SCE_IRQHandler                      0x0800029f   Thumb Code     0  startup_stm32f427xx.o(.text)
    CAN2_RX0_IRQHandler                      0x0800029f   Thumb Code     0  startup_stm32f427xx.o(.text)
    CAN2_SCE_IRQHandler                      0x0800029f   Thumb Code     0  startup_stm32f427xx.o(.text)
    DCMI_IRQHandler                          0x0800029f   Thumb Code     0  startup_stm32f427xx.o(.text)
    DMA1_Stream2_IRQHandler                  0x0800029f   Thumb Code     0  startup_stm32f427xx.o(.text)
    DMA1_Stream3_IRQHandler                  0x0800029f   Thumb Code     0  startup_stm32f427xx.o(.text)
    DMA1_Stream4_IRQHandler                  0x0800029f   Thumb Code     0  startup_stm32f427xx.o(.text)
    DMA1_Stream5_IRQHandler                  0x0800029f   Thumb Code     0  startup_stm32f427xx.o(.text)
    DMA1_Stream7_IRQHandler                  0x0800029f   Thumb Code     0  startup_stm32f427xx.o(.text)
    DMA2D_IRQHandler                         0x0800029f   Thumb Code     0  startup_stm32f427xx.o(.text)
    DMA2_Stream0_IRQHandler                  0x0800029f   Thumb Code     0  startup_stm32f427xx.o(.text)
    DMA2_Stream2_IRQHandler                  0x0800029f   Thumb Code     0  startup_stm32f427xx.o(.text)
    DMA2_Stream3_IRQHandler                  0x0800029f   Thumb Code     0  startup_stm32f427xx.o(.text)
    DMA2_Stream4_IRQHandler                  0x0800029f   Thumb Code     0  startup_stm32f427xx.o(.text)
    DMA2_Stream5_IRQHandler                  0x0800029f   Thumb Code     0  startup_stm32f427xx.o(.text)
    DMA2_Stream6_IRQHandler                  0x0800029f   Thumb Code     0  startup_stm32f427xx.o(.text)
    DMA2_Stream7_IRQHandler                  0x0800029f   Thumb Code     0  startup_stm32f427xx.o(.text)
    ETH_IRQHandler                           0x0800029f   Thumb Code     0  startup_stm32f427xx.o(.text)
    ETH_WKUP_IRQHandler                      0x0800029f   Thumb Code     0  startup_stm32f427xx.o(.text)
    EXTI0_IRQHandler                         0x0800029f   Thumb Code     0  startup_stm32f427xx.o(.text)
    EXTI15_10_IRQHandler                     0x0800029f   Thumb Code     0  startup_stm32f427xx.o(.text)
    EXTI1_IRQHandler                         0x0800029f   Thumb Code     0  startup_stm32f427xx.o(.text)
    EXTI2_IRQHandler                         0x0800029f   Thumb Code     0  startup_stm32f427xx.o(.text)
    EXTI3_IRQHandler                         0x0800029f   Thumb Code     0  startup_stm32f427xx.o(.text)
    EXTI4_IRQHandler                         0x0800029f   Thumb Code     0  startup_stm32f427xx.o(.text)
    EXTI9_5_IRQHandler                       0x0800029f   Thumb Code     0  startup_stm32f427xx.o(.text)
    FLASH_IRQHandler                         0x0800029f   Thumb Code     0  startup_stm32f427xx.o(.text)
    FMC_IRQHandler                           0x0800029f   Thumb Code     0  startup_stm32f427xx.o(.text)
    FPU_IRQHandler                           0x0800029f   Thumb Code     0  startup_stm32f427xx.o(.text)
    HASH_RNG_IRQHandler                      0x0800029f   Thumb Code     0  startup_stm32f427xx.o(.text)
    I2C1_ER_IRQHandler                       0x0800029f   Thumb Code     0  startup_stm32f427xx.o(.text)
    I2C1_EV_IRQHandler                       0x0800029f   Thumb Code     0  startup_stm32f427xx.o(.text)
    I2C2_ER_IRQHandler                       0x0800029f   Thumb Code     0  startup_stm32f427xx.o(.text)
    I2C2_EV_IRQHandler                       0x0800029f   Thumb Code     0  startup_stm32f427xx.o(.text)
    I2C3_ER_IRQHandler                       0x0800029f   Thumb Code     0  startup_stm32f427xx.o(.text)
    I2C3_EV_IRQHandler                       0x0800029f   Thumb Code     0  startup_stm32f427xx.o(.text)
    OTG_FS_IRQHandler                        0x0800029f   Thumb Code     0  startup_stm32f427xx.o(.text)
    OTG_FS_WKUP_IRQHandler                   0x0800029f   Thumb Code     0  startup_stm32f427xx.o(.text)
    OTG_HS_EP1_IN_IRQHandler                 0x0800029f   Thumb Code     0  startup_stm32f427xx.o(.text)
    OTG_HS_EP1_OUT_IRQHandler                0x0800029f   Thumb Code     0  startup_stm32f427xx.o(.text)
    OTG_HS_IRQHandler                        0x0800029f   Thumb Code     0  startup_stm32f427xx.o(.text)
    OTG_HS_WKUP_IRQHandler                   0x0800029f   Thumb Code     0  startup_stm32f427xx.o(.text)
    PVD_IRQHandler                           0x0800029f   Thumb Code     0  startup_stm32f427xx.o(.text)
    RCC_IRQHandler                           0x0800029f   Thumb Code     0  startup_stm32f427xx.o(.text)
    RTC_Alarm_IRQHandler                     0x0800029f   Thumb Code     0  startup_stm32f427xx.o(.text)
    RTC_WKUP_IRQHandler                      0x0800029f   Thumb Code     0  startup_stm32f427xx.o(.text)
    SAI1_IRQHandler                          0x0800029f   Thumb Code     0  startup_stm32f427xx.o(.text)
    SDIO_IRQHandler                          0x0800029f   Thumb Code     0  startup_stm32f427xx.o(.text)
    SPI1_IRQHandler                          0x0800029f   Thumb Code     0  startup_stm32f427xx.o(.text)
    SPI2_IRQHandler                          0x0800029f   Thumb Code     0  startup_stm32f427xx.o(.text)
    SPI3_IRQHandler                          0x0800029f   Thumb Code     0  startup_stm32f427xx.o(.text)
    SPI4_IRQHandler                          0x0800029f   Thumb Code     0  startup_stm32f427xx.o(.text)
    SPI5_IRQHandler                          0x0800029f   Thumb Code     0  startup_stm32f427xx.o(.text)
    SPI6_IRQHandler                          0x0800029f   Thumb Code     0  startup_stm32f427xx.o(.text)
    TAMP_STAMP_IRQHandler                    0x0800029f   Thumb Code     0  startup_stm32f427xx.o(.text)
    TIM1_BRK_TIM9_IRQHandler                 0x0800029f   Thumb Code     0  startup_stm32f427xx.o(.text)
    TIM1_CC_IRQHandler                       0x0800029f   Thumb Code     0  startup_stm32f427xx.o(.text)
    TIM1_TRG_COM_TIM11_IRQHandler            0x0800029f   Thumb Code     0  startup_stm32f427xx.o(.text)
    TIM1_UP_TIM10_IRQHandler                 0x0800029f   Thumb Code     0  startup_stm32f427xx.o(.text)
    TIM2_IRQHandler                          0x0800029f   Thumb Code     0  startup_stm32f427xx.o(.text)
    TIM3_IRQHandler                          0x0800029f   Thumb Code     0  startup_stm32f427xx.o(.text)
    TIM4_IRQHandler                          0x0800029f   Thumb Code     0  startup_stm32f427xx.o(.text)
    TIM5_IRQHandler                          0x0800029f   Thumb Code     0  startup_stm32f427xx.o(.text)
    TIM7_IRQHandler                          0x0800029f   Thumb Code     0  startup_stm32f427xx.o(.text)
    TIM8_BRK_TIM12_IRQHandler                0x0800029f   Thumb Code     0  startup_stm32f427xx.o(.text)
    TIM8_CC_IRQHandler                       0x0800029f   Thumb Code     0  startup_stm32f427xx.o(.text)
    TIM8_TRG_COM_TIM14_IRQHandler            0x0800029f   Thumb Code     0  startup_stm32f427xx.o(.text)
    TIM8_UP_TIM13_IRQHandler                 0x0800029f   Thumb Code     0  startup_stm32f427xx.o(.text)
    UART4_IRQHandler                         0x0800029f   Thumb Code     0  startup_stm32f427xx.o(.text)
    UART5_IRQHandler                         0x0800029f   Thumb Code     0  startup_stm32f427xx.o(.text)
    USART1_IRQHandler                        0x0800029f   Thumb Code     0  startup_stm32f427xx.o(.text)
    USART2_IRQHandler                        0x0800029f   Thumb Code     0  startup_stm32f427xx.o(.text)
    USART3_IRQHandler                        0x0800029f   Thumb Code     0  startup_stm32f427xx.o(.text)
    USART6_IRQHandler                        0x0800029f   Thumb Code     0  startup_stm32f427xx.o(.text)
    WWDG_IRQHandler                          0x0800029f   Thumb Code     0  startup_stm32f427xx.o(.text)
    __aeabi_uldivmod                         0x080002a9   Thumb Code    98  uldiv.o(.text)
    abs                                      0x0800030b   Thumb Code     8  siabs.o(.text)
    __aeabi_memcpy                           0x08000313   Thumb Code    36  memcpya.o(.text)
    __aeabi_memcpy4                          0x08000313   Thumb Code     0  memcpya.o(.text)
    __aeabi_memcpy8                          0x08000313   Thumb Code     0  memcpya.o(.text)
    __aeabi_memset                           0x08000337   Thumb Code    14  memseta.o(.text)
    __aeabi_memset4                          0x08000337   Thumb Code     0  memseta.o(.text)
    __aeabi_memset8                          0x08000337   Thumb Code     0  memseta.o(.text)
    __aeabi_memclr                           0x08000345   Thumb Code     4  memseta.o(.text)
    __aeabi_memclr4                          0x08000345   Thumb Code     0  memseta.o(.text)
    __aeabi_memclr8                          0x08000345   Thumb Code     0  memseta.o(.text)
    memset                                   0x08000349   Thumb Code    18  memseta.o(.text)
    __aeabi_f2d                              0x0800035b   Thumb Code    38  f2d.o(.text)
    __aeabi_llsl                             0x08000381   Thumb Code    30  llshl.o(.text)
    _ll_shift_l                              0x08000381   Thumb Code     0  llshl.o(.text)
    __aeabi_llsr                             0x0800039f   Thumb Code    32  llushr.o(.text)
    _ll_ushift_r                             0x0800039f   Thumb Code     0  llushr.o(.text)
    __I$use$fp                               0x080003bf   Thumb Code     0  iusefp.o(.text)
    __scatterload                            0x080003c1   Thumb Code    28  init.o(.text)
    __scatterload_rt2                        0x080003c1   Thumb Code     0  init.o(.text)
    BusFault_Handler                         0x080003e5   Thumb Code     4  stm32f4xx_it.o(i.BusFault_Handler)
    CAN1_RX0_IRQHandler                      0x080003e9   Thumb Code    10  stm32f4xx_it.o(i.CAN1_RX0_IRQHandler)
    CAN1_TX_IRQHandler                       0x080003f9   Thumb Code    10  stm32f4xx_it.o(i.CAN1_TX_IRQHandler)
    CAN2_RX1_IRQHandler                      0x08000409   Thumb Code    10  stm32f4xx_it.o(i.CAN2_RX1_IRQHandler)
    CAN2_TX_IRQHandler                       0x08000419   Thumb Code    10  stm32f4xx_it.o(i.CAN2_TX_IRQHandler)
    ClassicPidRegulate                       0x08000429   Thumb Code   214  pid.o(i.ClassicPidRegulate)
    DMA1_Stream0_IRQHandler                  0x08000501   Thumb Code    10  stm32f4xx_it.o(i.DMA1_Stream0_IRQHandler)
    DMA1_Stream1_IRQHandler                  0x08000511   Thumb Code    10  stm32f4xx_it.o(i.DMA1_Stream1_IRQHandler)
    DMA1_Stream6_IRQHandler                  0x08000521   Thumb Code    10  stm32f4xx_it.o(i.DMA1_Stream6_IRQHandler)
    DMA2_Stream1_IRQHandler                  0x08000531   Thumb Code    10  stm32f4xx_it.o(i.DMA2_Stream1_IRQHandler)
    DebugMon_Handler                         0x0800064b   Thumb Code     2  stm32f4xx_it.o(i.DebugMon_Handler)
    Error_Handler                            0x0800064d   Thumb Code     6  main.o(i.Error_Handler)
    HAL_CAN_ActivateNotification             0x08000721   Thumb Code    42  stm32f4xx_hal_can.o(i.HAL_CAN_ActivateNotification)
    HAL_CAN_AddTxMessage                     0x0800074b   Thumb Code   330  stm32f4xx_hal_can.o(i.HAL_CAN_AddTxMessage)
    HAL_CAN_ConfigFilter                     0x08000895   Thumb Code   286  stm32f4xx_hal_can.o(i.HAL_CAN_ConfigFilter)
    HAL_CAN_ErrorCallback                    0x080009b9   Thumb Code     2  stm32f4xx_hal_can.o(i.HAL_CAN_ErrorCallback)
    HAL_CAN_GetRxMessage                     0x080009bb   Thumb Code   404  stm32f4xx_hal_can.o(i.HAL_CAN_GetRxMessage)
    HAL_CAN_GetTxMailboxesFreeLevel          0x08000b4f   Thumb Code    54  stm32f4xx_hal_can.o(i.HAL_CAN_GetTxMailboxesFreeLevel)
    HAL_CAN_IRQHandler                       0x08000b85   Thumb Code   590  stm32f4xx_hal_can.o(i.HAL_CAN_IRQHandler)
    HAL_CAN_Init                             0x08000dd3   Thumb Code   372  stm32f4xx_hal_can.o(i.HAL_CAN_Init)
    HAL_CAN_MspInit                          0x08000f49   Thumb Code   362  can.o(i.HAL_CAN_MspInit)
    HAL_CAN_RxFifo0FullCallback              0x080010cd   Thumb Code     2  stm32f4xx_hal_can.o(i.HAL_CAN_RxFifo0FullCallback)
    HAL_CAN_RxFifo0MsgPendingCallback        0x080010d1   Thumb Code   322  motor_control.o(i.HAL_CAN_RxFifo0MsgPendingCallback)
    HAL_CAN_RxFifo1FullCallback              0x08001229   Thumb Code     2  stm32f4xx_hal_can.o(i.HAL_CAN_RxFifo1FullCallback)
    HAL_CAN_RxFifo1MsgPendingCallback        0x0800122d   Thumb Code   186  motor_control.o(i.HAL_CAN_RxFifo1MsgPendingCallback)
    HAL_CAN_SleepCallback                    0x080012f5   Thumb Code     2  stm32f4xx_hal_can.o(i.HAL_CAN_SleepCallback)
    HAL_CAN_Start                            0x080012f7   Thumb Code    94  stm32f4xx_hal_can.o(i.HAL_CAN_Start)
    HAL_CAN_TxMailbox0AbortCallback          0x08001355   Thumb Code     2  stm32f4xx_hal_can.o(i.HAL_CAN_TxMailbox0AbortCallback)
    HAL_CAN_TxMailbox0CompleteCallback       0x08001357   Thumb Code     2  stm32f4xx_hal_can.o(i.HAL_CAN_TxMailbox0CompleteCallback)
    HAL_CAN_TxMailbox1AbortCallback          0x08001359   Thumb Code     2  stm32f4xx_hal_can.o(i.HAL_CAN_TxMailbox1AbortCallback)
    HAL_CAN_TxMailbox1CompleteCallback       0x0800135b   Thumb Code     2  stm32f4xx_hal_can.o(i.HAL_CAN_TxMailbox1CompleteCallback)
    HAL_CAN_TxMailbox2AbortCallback          0x0800135d   Thumb Code     2  stm32f4xx_hal_can.o(i.HAL_CAN_TxMailbox2AbortCallback)
    HAL_CAN_TxMailbox2CompleteCallback       0x0800135f   Thumb Code     2  stm32f4xx_hal_can.o(i.HAL_CAN_TxMailbox2CompleteCallback)
    HAL_CAN_WakeUpFromRxMsgCallback          0x08001361   Thumb Code     2  stm32f4xx_hal_can.o(i.HAL_CAN_WakeUpFromRxMsgCallback)
    HAL_DMA_Abort                            0x08001363   Thumb Code   172  stm32f4xx_hal_dma.o(i.HAL_DMA_Abort)
    HAL_DMA_Abort_IT                         0x0800140f   Thumb Code    40  stm32f4xx_hal_dma.o(i.HAL_DMA_Abort_IT)
    HAL_DMA_IRQHandler                       0x08001439   Thumb Code   570  stm32f4xx_hal_dma.o(i.HAL_DMA_IRQHandler)
    HAL_DMA_Init                             0x08001679   Thumb Code   232  stm32f4xx_hal_dma.o(i.HAL_DMA_Init)
    HAL_DMA_Start_IT                         0x08001765   Thumb Code   146  stm32f4xx_hal_dma.o(i.HAL_DMA_Start_IT)
    HAL_Delay                                0x080017f9   Thumb Code    36  stm32f4xx_hal.o(i.HAL_Delay)
    HAL_GPIO_Init                            0x08001821   Thumb Code   474  stm32f4xx_hal_gpio.o(i.HAL_GPIO_Init)
    HAL_GPIO_WritePin                        0x08001a31   Thumb Code    12  stm32f4xx_hal_gpio.o(i.HAL_GPIO_WritePin)
    HAL_GetTick                              0x08001a3d   Thumb Code     6  stm32f4xx_hal.o(i.HAL_GetTick)
    HAL_IncTick                              0x08001a49   Thumb Code    16  stm32f4xx_hal.o(i.HAL_IncTick)
    HAL_Init                                 0x08001a61   Thumb Code    54  stm32f4xx_hal.o(i.HAL_Init)
    HAL_InitTick                             0x08001a9d   Thumb Code   160  stm32f4xx_hal_timebase_tim.o(i.HAL_InitTick)
    HAL_MspInit                              0x08001b51   Thumb Code    78  stm32f4xx_hal_msp.o(i.HAL_MspInit)
    HAL_NVIC_EnableIRQ                       0x08001ba5   Thumb Code    40  stm32f4xx_hal_cortex.o(i.HAL_NVIC_EnableIRQ)
    HAL_NVIC_SetPriority                     0x08001bcd   Thumb Code   124  stm32f4xx_hal_cortex.o(i.HAL_NVIC_SetPriority)
    HAL_NVIC_SetPriorityGrouping             0x08001c49   Thumb Code    32  stm32f4xx_hal_cortex.o(i.HAL_NVIC_SetPriorityGrouping)
    HAL_RCC_ClockConfig                      0x08001c71   Thumb Code   368  stm32f4xx_hal_rcc.o(i.HAL_RCC_ClockConfig)
    HAL_RCC_GetClockConfig                   0x08001df5   Thumb Code    58  stm32f4xx_hal_rcc.o(i.HAL_RCC_GetClockConfig)
    HAL_RCC_GetHCLKFreq                      0x08001e39   Thumb Code     6  stm32f4xx_hal_rcc.o(i.HAL_RCC_GetHCLKFreq)
    HAL_RCC_GetPCLK1Freq                     0x08001e45   Thumb Code    22  stm32f4xx_hal_rcc.o(i.HAL_RCC_GetPCLK1Freq)
    HAL_RCC_GetPCLK2Freq                     0x08001e65   Thumb Code    22  stm32f4xx_hal_rcc.o(i.HAL_RCC_GetPCLK2Freq)
    HAL_RCC_GetSysClockFreq                  0x08001e85   Thumb Code   162  stm32f4xx_hal_rcc.o(i.HAL_RCC_GetSysClockFreq)
    HAL_RCC_OscConfig                        0x08001f35   Thumb Code  1172  stm32f4xx_hal_rcc.o(i.HAL_RCC_OscConfig)
    HAL_TIMEx_BreakCallback                  0x080023d1   Thumb Code     2  stm32f4xx_hal_tim_ex.o(i.HAL_TIMEx_BreakCallback)
    HAL_TIMEx_CommutCallback                 0x080023d3   Thumb Code     2  stm32f4xx_hal_tim_ex.o(i.HAL_TIMEx_CommutCallback)
    HAL_TIMEx_ConfigBreakDeadTime            0x080023d5   Thumb Code   116  stm32f4xx_hal_tim_ex.o(i.HAL_TIMEx_ConfigBreakDeadTime)
    HAL_TIMEx_MasterConfigSynchronization    0x08002449   Thumb Code   150  stm32f4xx_hal_tim_ex.o(i.HAL_TIMEx_MasterConfigSynchronization)
    HAL_TIM_Base_Init                        0x080024fd   Thumb Code   102  stm32f4xx_hal_tim.o(i.HAL_TIM_Base_Init)
    HAL_TIM_Base_MspInit                     0x08002563   Thumb Code     2  stm32f4xx_hal_tim.o(i.HAL_TIM_Base_MspInit)
    HAL_TIM_Base_Start_IT                    0x08002565   Thumb Code   138  stm32f4xx_hal_tim.o(i.HAL_TIM_Base_Start_IT)
    HAL_TIM_IC_CaptureCallback               0x0800260d   Thumb Code     2  stm32f4xx_hal_tim.o(i.HAL_TIM_IC_CaptureCallback)
    HAL_TIM_IRQHandler                       0x0800260f   Thumb Code   364  stm32f4xx_hal_tim.o(i.HAL_TIM_IRQHandler)
    HAL_TIM_MspPostInit                      0x0800277d   Thumb Code   278  tim.o(i.HAL_TIM_MspPostInit)
    HAL_TIM_OC_ConfigChannel                 0x080028ad   Thumb Code   112  stm32f4xx_hal_tim.o(i.HAL_TIM_OC_ConfigChannel)
    HAL_TIM_OC_DelayElapsedCallback          0x0800291d   Thumb Code     2  stm32f4xx_hal_tim.o(i.HAL_TIM_OC_DelayElapsedCallback)
    HAL_TIM_OC_Init                          0x0800291f   Thumb Code   102  stm32f4xx_hal_tim.o(i.HAL_TIM_OC_Init)
    HAL_TIM_OC_MspInit                       0x08002985   Thumb Code     2  stm32f4xx_hal_tim.o(i.HAL_TIM_OC_MspInit)
    HAL_TIM_PWM_ConfigChannel                0x08002987   Thumb Code   260  stm32f4xx_hal_tim.o(i.HAL_TIM_PWM_ConfigChannel)
    HAL_TIM_PWM_Init                         0x08002a8b   Thumb Code   102  stm32f4xx_hal_tim.o(i.HAL_TIM_PWM_Init)
    HAL_TIM_PWM_MspInit                      0x08002af1   Thumb Code   128  tim.o(i.HAL_TIM_PWM_MspInit)
    HAL_TIM_PWM_PulseFinishedCallback        0x08002b7d   Thumb Code     2  stm32f4xx_hal_tim.o(i.HAL_TIM_PWM_PulseFinishedCallback)
    HAL_TIM_PWM_Start                        0x08002b81   Thumb Code   238  stm32f4xx_hal_tim.o(i.HAL_TIM_PWM_Start)
    HAL_TIM_PeriodElapsedCallback            0x08002c8d   Thumb Code    18  main.o(i.HAL_TIM_PeriodElapsedCallback)
    HAL_TIM_TriggerCallback                  0x08002ca5   Thumb Code     2  stm32f4xx_hal_tim.o(i.HAL_TIM_TriggerCallback)
    HAL_UARTEx_RxEventCallback               0x08002ca7   Thumb Code     2  stm32f4xx_hal_uart.o(i.HAL_UARTEx_RxEventCallback)
    HAL_UART_DMAStop                         0x08002ca9   Thumb Code   138  stm32f4xx_hal_uart.o(i.HAL_UART_DMAStop)
    HAL_UART_ErrorCallback                   0x08002d33   Thumb Code     2  stm32f4xx_hal_uart.o(i.HAL_UART_ErrorCallback)
    HAL_UART_IRQHandler                      0x08002d35   Thumb Code   740  stm32f4xx_hal_uart.o(i.HAL_UART_IRQHandler)
    HAL_UART_Init                            0x0800301d   Thumb Code   118  stm32f4xx_hal_uart.o(i.HAL_UART_Init)
    HAL_UART_MspInit                         0x08003095   Thumb Code   628  usart.o(i.HAL_UART_MspInit)
    HAL_UART_Receive_DMA                     0x08003339   Thumb Code    44  stm32f4xx_hal_uart.o(i.HAL_UART_Receive_DMA)
    HAL_UART_RxCpltCallback                  0x08003365   Thumb Code     2  stm32f4xx_hal_uart.o(i.HAL_UART_RxCpltCallback)
    HAL_UART_RxHalfCpltCallback              0x08003367   Thumb Code     2  stm32f4xx_hal_uart.o(i.HAL_UART_RxHalfCpltCallback)
    HAL_UART_Transmit_DMA                    0x08003369   Thumb Code   128  stm32f4xx_hal_uart.o(i.HAL_UART_Transmit_DMA)
    HAL_UART_TxCpltCallback                  0x080033f5   Thumb Code     2  stm32f4xx_hal_uart.o(i.HAL_UART_TxCpltCallback)
    HAL_UART_TxHalfCpltCallback              0x080033f7   Thumb Code     2  stm32f4xx_hal_uart.o(i.HAL_UART_TxHalfCpltCallback)
    Handle_Task                              0x080033f9   Thumb Code    82  freertos.o(i.Handle_Task)
    HardFault_Handler                        0x08003455   Thumb Code     4  stm32f4xx_it.o(i.HardFault_Handler)
    Init_Task                                0x08003459   Thumb Code    42  freertos.o(i.Init_Task)
    Jetson_Decode                            0x080034dd   Thumb Code   732  usart.o(i.Jetson_Decode)
    Jetson_Send_Vesc_Feedback                0x080037c5   Thumb Code   140  usart.o(i.Jetson_Send_Vesc_Feedback)
    MX_CAN1_Init                             0x08003859   Thumb Code    66  can.o(i.MX_CAN1_Init)
    MX_CAN2_Init                             0x080038a5   Thumb Code    62  can.o(i.MX_CAN2_Init)
    MX_DMA_Init                              0x080038ed   Thumb Code   130  dma.o(i.MX_DMA_Init)
    MX_FREERTOS_Init                         0x08003975   Thumb Code   150  freertos.o(i.MX_FREERTOS_Init)
    MX_GPIO_Init                             0x08003a29   Thumb Code   446  gpio.o(i.MX_GPIO_Init)
    MX_TIM2_Init                             0x08003c05   Thumb Code   166  tim.o(i.MX_TIM2_Init)
    MX_TIM5_Init                             0x08003cb1   Thumb Code   180  tim.o(i.MX_TIM5_Init)
    MX_TIM8_Init                             0x08003d6d   Thumb Code   212  tim.o(i.MX_TIM8_Init)
    MX_UART7_Init                            0x08003e49   Thumb Code    46  usart.o(i.MX_UART7_Init)
    MX_UART8_Init                            0x08003e81   Thumb Code    72  usart.o(i.MX_UART8_Init)
    MX_USART6_UART_Init                      0x08003ed5   Thumb Code    46  usart.o(i.MX_USART6_UART_Init)
    MemManage_Handler                        0x08003f0d   Thumb Code     4  stm32f4xx_it.o(i.MemManage_Handler)
    Monitor_Task                             0x08003f11   Thumb Code    10  freertos.o(i.Monitor_Task)
    MotorPositionPidInit                     0x08003f1d   Thumb Code   398  pid.o(i.MotorPositionPidInit)
    MotorSpeedPidInit                        0x080040d9   Thumb Code   398  pid.o(i.MotorSpeedPidInit)
    NMI_Handler                              0x0800429d   Thumb Code     4  stm32f4xx_it.o(i.NMI_Handler)
    PidInit                                  0x080042a1   Thumb Code    12  pid.o(i.PidInit)
    Regulate_Task                            0x080042ad   Thumb Code   126  freertos.o(i.Regulate_Task)
    StartDefaultTask                         0x08004339   Thumb Code    10  freertos.o(i.StartDefaultTask)
    SysTick_Handler                          0x08004345   Thumb Code    46  port.o(i.SysTick_Handler)
    SystemClock_Config                       0x08004379   Thumb Code   170  main.o(i.SystemClock_Config)
    SystemInit                               0x0800442d   Thumb Code    14  system_stm32f4xx.o(i.SystemInit)
    System_Init                              0x08004441   Thumb Code    82  system_config.o(i.System_Init)
    TIM6_DAC_IRQHandler                      0x0800449d   Thumb Code    10  stm32f4xx_it.o(i.TIM6_DAC_IRQHandler)
    TIM_Base_SetConfig                       0x080044ad   Thumb Code   186  stm32f4xx_hal_tim.o(i.TIM_Base_SetConfig)
    TIM_CCxChannelCmd                        0x08004595   Thumb Code    34  stm32f4xx_hal_tim.o(i.TIM_CCxChannelCmd)
    TIM_OC2_SetConfig                        0x08004629   Thumb Code   114  stm32f4xx_hal_tim.o(i.TIM_OC2_SetConfig)
    UART7_IRQHandler                         0x08004771   Thumb Code    10  stm32f4xx_it.o(i.UART7_IRQHandler)
    UART8_IRQHandler                         0x08004781   Thumb Code    76  stm32f4xx_it.o(i.UART8_IRQHandler)
    UART_Start_Receive_DMA                   0x08004d59   Thumb Code   186  stm32f4xx_hal_uart.o(i.UART_Start_Receive_DMA)
    UsageFault_Handler                       0x08004e81   Thumb Code     4  stm32f4xx_it.o(i.UsageFault_Handler)
    Usart_Task                               0x08004e85   Thumb Code    58  freertos.o(i.Usart_Task)
    __scatterload_copy                       0x08004f09   Thumb Code    14  handlers.o(i.__scatterload_copy)
    __scatterload_null                       0x08004f17   Thumb Code     2  handlers.o(i.__scatterload_null)
    __scatterload_zeroinit                   0x08004f19   Thumb Code    14  handlers.o(i.__scatterload_zeroinit)
    comm_can_set_rpm                         0x08004f55   Thumb Code    56  motor_control.o(i.comm_can_set_rpm)
    main                                     0x0800504d   Thumb Code    40  main.o(i.main)
    my_can_filter_init_recv_all              0x08005085   Thumb Code    98  can.o(i.my_can_filter_init_recv_all)
    osDelay                                  0x080050f1   Thumb Code    24  cmsis_os.o(i.osDelay)
    osKernelStart                            0x08005109   Thumb Code    10  cmsis_os.o(i.osKernelStart)
    osThreadCreate                           0x08005113   Thumb Code    94  cmsis_os.o(i.osThreadCreate)
    pvPortMalloc                             0x080055f1   Thumb Code   306  heap_4.o(i.pvPortMalloc)
    pxPortInitialiseStack                    0x0800573d   Thumb Code    38  port.o(i.pxPortInitialiseStack)
    uxListRemove                             0x08005769   Thumb Code    40  list.o(i.uxListRemove)
    vApplicationGetIdleTaskMemory            0x08005791   Thumb Code    14  freertos.o(i.vApplicationGetIdleTaskMemory)
    vListInitialise                          0x080057a9   Thumb Code    26  list.o(i.vListInitialise)
    vListInitialiseItem                      0x080057c3   Thumb Code     6  list.o(i.vListInitialiseItem)
    vListInsert                              0x080057c9   Thumb Code    52  list.o(i.vListInsert)
    vListInsertEnd                           0x080057fd   Thumb Code    24  list.o(i.vListInsertEnd)
    vPortEnterCritical                       0x08005815   Thumb Code    76  port.o(i.vPortEnterCritical)
    vPortExitCritical                        0x08005869   Thumb Code    56  port.o(i.vPortExitCritical)
    vPortFree                                0x080058a5   Thumb Code   150  heap_4.o(i.vPortFree)
    vPortSetupTimerInterrupt                 0x08005949   Thumb Code    36  port.o(i.vPortSetupTimerInterrupt)
    vTaskDelay                               0x08005971   Thumb Code    82  tasks.o(i.vTaskDelay)
    vTaskStartScheduler                      0x080059cd   Thumb Code   146  tasks.o(i.vTaskStartScheduler)
    vTaskSuspendAll                          0x08005a7d   Thumb Code    12  tasks.o(i.vTaskSuspendAll)
    vTaskSwitchContext                       0x08005a8d   Thumb Code   118  tasks.o(i.vTaskSwitchContext)
    vesc_can_get_feedback_array              0x08005b65   Thumb Code     4  vesc_can.o(i.vesc_can_get_feedback_array)
    vesc_can_handle_rx_frame                 0x08005b6d   Thumb Code   498  vesc_can.o(i.vesc_can_handle_rx_frame)
    vesc_can_init                            0x08005d6d   Thumb Code    54  vesc_can.o(i.vesc_can_init)
    xPortStartScheduler                      0x08005e1d   Thumb Code   330  port.o(i.xPortStartScheduler)
    xTaskCreate                              0x08005f85   Thumb Code   100  tasks.o(i.xTaskCreate)
    xTaskCreateStatic                        0x08005fe9   Thumb Code   186  tasks.o(i.xTaskCreateStatic)
    xTaskIncrementTick                       0x080060a5   Thumb Code   282  tasks.o(i.xTaskIncrementTick)
    xTaskResumeAll                           0x080061ed   Thumb Code   224  tasks.o(i.xTaskResumeAll)
    AHBPrescTable                            0x080063a0   Data          16  system_stm32f4xx.o(.constdata)
    APBPrescTable                            0x080063b0   Data           8  system_stm32f4xx.o(.constdata)
    Region$$Table$$Base                      0x08006400   Number         0  anon$$obj.o(Region$$Table)
    Region$$Table$$Limit                     0x08006420   Number         0  anon$$obj.o(Region$$Table)
    disable_allmotor                         0x20000000   Data           1  freertos.o(.data)
    corrEnable                               0x20000001   Data           1  freertos.o(.data)
    corr_finished                            0x20000004   Data           4  freertos.o(.data)
    motors_2006                              0x20000008   Data          12  freertos.o(.data)
    motors_3508                              0x20000014   Data          12  freertos.o(.data)
    defaultTaskHandle                        0x20000020   Data           4  freertos.o(.data)
    myTask02Handle                           0x20000024   Data           4  freertos.o(.data)
    myTask03Handle                           0x20000028   Data           4  freertos.o(.data)
    myTask04Handle                           0x2000002c   Data           4  freertos.o(.data)
    myTask05Handle                           0x20000030   Data           4  freertos.o(.data)
    myTask06Handle                           0x20000034   Data           4  freertos.o(.data)
    rx_len                                   0x2000003c   Data           1  stm32f4xx_it.o(.data)
    recv_end_flag                            0x2000003d   Data           1  stm32f4xx_it.o(.data)
    uwTick                                   0x20000040   Data           4  stm32f4xx_hal.o(.data)
    uwTickPrio                               0x20000044   Data           4  stm32f4xx_hal.o(.data)
    uwTickFreq                               0x20000048   Data           1  stm32f4xx_hal.o(.data)
    SystemCoreClock                          0x2000004c   Data           4  system_stm32f4xx.o(.data)
    pxCurrentTCB                             0x20000050   Data           4  tasks.o(.data)
    velocity                                 0x200000b8   Data          12  freertos.o(.bss)
    angle                                    0x200000c4   Data          12  freertos.o(.bss)
    hcan1                                    0x20000324   Data          40  can.o(.bss)
    hcan2                                    0x2000034c   Data          40  can.o(.bss)
    htim2                                    0x20000374   Data          72  tim.o(.bss)
    htim5                                    0x200003bc   Data          72  tim.o(.bss)
    htim8                                    0x20000404   Data          72  tim.o(.bss)
    ReceiveBuffer1                           0x2000044c   Data         100  usart.o(.bss)
    ReceiveBuffer2                           0x200004b0   Data         100  usart.o(.bss)
    ReceiveBuffer3                           0x20000514   Data         100  usart.o(.bss)
    huart7                                   0x2000059c   Data          72  usart.o(.bss)
    huart8                                   0x200005e4   Data          72  usart.o(.bss)
    huart6                                   0x2000062c   Data          72  usart.o(.bss)
    hdma_uart7_tx                            0x20000674   Data          96  usart.o(.bss)
    hdma_uart8_rx                            0x200006d4   Data          96  usart.o(.bss)
    hdma_uart8_tx                            0x20000734   Data          96  usart.o(.bss)
    hdma_usart6_rx                           0x20000794   Data          96  usart.o(.bss)
    htim6                                    0x200007f4   Data          72  stm32f4xx_hal_timebase_tim.o(.bss)
    MotorPositionPid1                        0x2000452c   Data          56  pid.o(.bss)
    MotorSpeedPid1                           0x20004564   Data          56  pid.o(.bss)
    MotorPositionPid2                        0x2000459c   Data          56  pid.o(.bss)
    MotorSpeedPid2                           0x200045d4   Data          56  pid.o(.bss)
    MotorPositionPid3                        0x2000460c   Data          56  pid.o(.bss)
    MotorSpeedPid3                           0x20004644   Data          56  pid.o(.bss)
    MotorPositionPid4                        0x2000467c   Data          56  pid.o(.bss)
    MotorSpeedPid4                           0x200046b4   Data          56  pid.o(.bss)
    MotorPositionPid5                        0x200046ec   Data          56  pid.o(.bss)
    MotorSpeedPid5                           0x20004724   Data          56  pid.o(.bss)
    MotorPositionPid6                        0x2000475c   Data          56  pid.o(.bss)
    MotorSpeedPid6                           0x20004794   Data          56  pid.o(.bss)
    MotorPositionPid7                        0x200047cc   Data          56  pid.o(.bss)
    MotorSpeedPid7                           0x20004804   Data          56  pid.o(.bss)
    MotorPositionPid8                        0x2000483c   Data          56  pid.o(.bss)
    MotorSpeedPid8                           0x20004874   Data          56  pid.o(.bss)
    Motor_1                                  0x200048ac   Data          52  motor_control.o(.bss)
    Motor_2                                  0x200048e0   Data          52  motor_control.o(.bss)
    Motor_3                                  0x20004914   Data          52  motor_control.o(.bss)
    Motor_4                                  0x20004948   Data          52  motor_control.o(.bss)
    Motor_5                                  0x2000497c   Data          52  motor_control.o(.bss)
    Motor_6                                  0x200049b0   Data          52  motor_control.o(.bss)
    Motor_7                                  0x200049e4   Data          52  motor_control.o(.bss)
    Motor_8                                  0x20004a18   Data          52  motor_control.o(.bss)
    Mad_Velocity                             0x20004a7c   Data          16  vesc_can.o(.bss)
    Vesc_Feedback_Array                      0x20004a8c   Data          32  vesc_can.o(.bss)
    __initial_sp                             0x20004fb0   Data           0  startup_stm32f427xx.o(STACK)



==============================================================================

Memory Map of the image

  Image Entry point : 0x080001ad

  Load Region LR_IROM1 (Base: 0x08000000, Size: 0x000064d8, Max: 0x00200000, ABSOLUTE)

    Execution Region ER_IROM1 (Exec base: 0x08000000, Load base: 0x08000000, Size: 0x00006420, Max: 0x00200000, ABSOLUTE)

    Exec Addr    Load Addr    Size         Type   Attr      Idx    E Section Name        Object

    0x08000000   0x08000000   0x000001ac   Data   RO            3    RESET               startup_stm32f427xx.o
    0x080001ac   0x080001ac   0x00000000   Code   RO         5294  * .ARM.Collect$$$$00000000  mc_w.l(entry.o)
    0x080001ac   0x080001ac   0x00000004   Code   RO         5313    .ARM.Collect$$$$00000001  mc_w.l(entry2.o)
    0x080001b0   0x080001b0   0x00000004   Code   RO         5316    .ARM.Collect$$$$00000004  mc_w.l(entry5.o)
    0x080001b4   0x080001b4   0x00000000   Code   RO         5318    .ARM.Collect$$$$00000008  mc_w.l(entry7b.o)
    0x080001b4   0x080001b4   0x00000000   Code   RO         5320    .ARM.Collect$$$$0000000A  mc_w.l(entry8b.o)
    0x080001b4   0x080001b4   0x00000008   Code   RO         5321    .ARM.Collect$$$$0000000B  mc_w.l(entry9a.o)
    0x080001bc   0x080001bc   0x00000004   Code   RO         5328    .ARM.Collect$$$$0000000E  mc_w.l(entry12b.o)
    0x080001c0   0x080001c0   0x00000000   Code   RO         5323    .ARM.Collect$$$$0000000F  mc_w.l(entry10a.o)
    0x080001c0   0x080001c0   0x00000000   Code   RO         5325    .ARM.Collect$$$$00000011  mc_w.l(entry11a.o)
    0x080001c0   0x080001c0   0x00000004   Code   RO         5314    .ARM.Collect$$$$00002712  mc_w.l(entry2.o)
    0x080001c4   0x080001c4   0x000000be   Code   RO         4927    .emb_text           port.o
    0x08000282   0x08000282   0x00000002   PAD
    0x08000284   0x08000284   0x00000024   Code   RO            4    .text               startup_stm32f427xx.o
    0x080002a8   0x080002a8   0x00000062   Code   RO         5297    .text               mc_w.l(uldiv.o)
    0x0800030a   0x0800030a   0x00000008   Code   RO         5299    .text               mc_w.l(siabs.o)
    0x08000312   0x08000312   0x00000024   Code   RO         5303    .text               mc_w.l(memcpya.o)
    0x08000336   0x08000336   0x00000024   Code   RO         5307    .text               mc_w.l(memseta.o)
    0x0800035a   0x0800035a   0x00000026   Code   RO         5311    .text               mf_w.l(f2d.o)
    0x08000380   0x08000380   0x0000001e   Code   RO         5329    .text               mc_w.l(llshl.o)
    0x0800039e   0x0800039e   0x00000020   Code   RO         5331    .text               mc_w.l(llushr.o)
    0x080003be   0x080003be   0x00000000   Code   RO         5333    .text               mc_w.l(iusefp.o)
    0x080003be   0x080003be   0x00000002   PAD
    0x080003c0   0x080003c0   0x00000024   Code   RO         5334    .text               mc_w.l(init.o)
    0x080003e4   0x080003e4   0x00000004   Code   RO          592    i.BusFault_Handler  stm32f4xx_it.o
    0x080003e8   0x080003e8   0x00000010   Code   RO          593    i.CAN1_RX0_IRQHandler  stm32f4xx_it.o
    0x080003f8   0x080003f8   0x00000010   Code   RO          594    i.CAN1_TX_IRQHandler  stm32f4xx_it.o
    0x08000408   0x08000408   0x00000010   Code   RO          595    i.CAN2_RX1_IRQHandler  stm32f4xx_it.o
    0x08000418   0x08000418   0x00000010   Code   RO          596    i.CAN2_TX_IRQHandler  stm32f4xx_it.o
    0x08000428   0x08000428   0x000000d6   Code   RO         5007    i.ClassicPidRegulate  pid.o
    0x080004fe   0x080004fe   0x00000002   PAD
    0x08000500   0x08000500   0x00000010   Code   RO          597    i.DMA1_Stream0_IRQHandler  stm32f4xx_it.o
    0x08000510   0x08000510   0x00000010   Code   RO          598    i.DMA1_Stream1_IRQHandler  stm32f4xx_it.o
    0x08000520   0x08000520   0x00000010   Code   RO          599    i.DMA1_Stream6_IRQHandler  stm32f4xx_it.o
    0x08000530   0x08000530   0x00000010   Code   RO          600    i.DMA2_Stream1_IRQHandler  stm32f4xx_it.o
    0x08000540   0x08000540   0x00000034   Code   RO         1581    i.DMA_CalcBaseAndBitshift  stm32f4xx_hal_dma.o
    0x08000574   0x08000574   0x000000aa   Code   RO         1582    i.DMA_CheckFifoParam  stm32f4xx_hal_dma.o
    0x0800061e   0x0800061e   0x0000002c   Code   RO         1583    i.DMA_SetConfig     stm32f4xx_hal_dma.o
    0x0800064a   0x0800064a   0x00000002   Code   RO          601    i.DebugMon_Handler  stm32f4xx_it.o
    0x0800064c   0x0800064c   0x00000006   Code   RO           13    i.Error_Handler     main.o
    0x08000652   0x08000652   0x00000002   PAD
    0x08000654   0x08000654   0x00000068   Code   RO         5115    i.Get_RM2006_Distance  motor_control.o
    0x080006bc   0x080006bc   0x00000064   Code   RO         5116    i.Get_RM3508_Distance  motor_control.o
    0x08000720   0x08000720   0x0000002a   Code   RO          787    i.HAL_CAN_ActivateNotification  stm32f4xx_hal_can.o
    0x0800074a   0x0800074a   0x0000014a   Code   RO          788    i.HAL_CAN_AddTxMessage  stm32f4xx_hal_can.o
    0x08000894   0x08000894   0x00000124   Code   RO          789    i.HAL_CAN_ConfigFilter  stm32f4xx_hal_can.o
    0x080009b8   0x080009b8   0x00000002   Code   RO          792    i.HAL_CAN_ErrorCallback  stm32f4xx_hal_can.o
    0x080009ba   0x080009ba   0x00000194   Code   RO          795    i.HAL_CAN_GetRxMessage  stm32f4xx_hal_can.o
    0x08000b4e   0x08000b4e   0x00000036   Code   RO          797    i.HAL_CAN_GetTxMailboxesFreeLevel  stm32f4xx_hal_can.o
    0x08000b84   0x08000b84   0x0000024e   Code   RO          799    i.HAL_CAN_IRQHandler  stm32f4xx_hal_can.o
    0x08000dd2   0x08000dd2   0x00000174   Code   RO          800    i.HAL_CAN_Init      stm32f4xx_hal_can.o
    0x08000f46   0x08000f46   0x00000002   PAD
    0x08000f48   0x08000f48   0x00000184   Code   RO          361    i.HAL_CAN_MspInit   can.o
    0x080010cc   0x080010cc   0x00000002   Code   RO          807    i.HAL_CAN_RxFifo0FullCallback  stm32f4xx_hal_can.o
    0x080010ce   0x080010ce   0x00000002   PAD
    0x080010d0   0x080010d0   0x00000158   Code   RO         5117    i.HAL_CAN_RxFifo0MsgPendingCallback  motor_control.o
    0x08001228   0x08001228   0x00000002   Code   RO          809    i.HAL_CAN_RxFifo1FullCallback  stm32f4xx_hal_can.o
    0x0800122a   0x0800122a   0x00000002   PAD
    0x0800122c   0x0800122c   0x000000c8   Code   RO         5118    i.HAL_CAN_RxFifo1MsgPendingCallback  motor_control.o
    0x080012f4   0x080012f4   0x00000002   Code   RO          811    i.HAL_CAN_SleepCallback  stm32f4xx_hal_can.o
    0x080012f6   0x080012f6   0x0000005e   Code   RO          812    i.HAL_CAN_Start     stm32f4xx_hal_can.o
    0x08001354   0x08001354   0x00000002   Code   RO          814    i.HAL_CAN_TxMailbox0AbortCallback  stm32f4xx_hal_can.o
    0x08001356   0x08001356   0x00000002   Code   RO          815    i.HAL_CAN_TxMailbox0CompleteCallback  stm32f4xx_hal_can.o
    0x08001358   0x08001358   0x00000002   Code   RO          816    i.HAL_CAN_TxMailbox1AbortCallback  stm32f4xx_hal_can.o
    0x0800135a   0x0800135a   0x00000002   Code   RO          817    i.HAL_CAN_TxMailbox1CompleteCallback  stm32f4xx_hal_can.o
    0x0800135c   0x0800135c   0x00000002   Code   RO          818    i.HAL_CAN_TxMailbox2AbortCallback  stm32f4xx_hal_can.o
    0x0800135e   0x0800135e   0x00000002   Code   RO          819    i.HAL_CAN_TxMailbox2CompleteCallback  stm32f4xx_hal_can.o
    0x08001360   0x08001360   0x00000002   Code   RO          821    i.HAL_CAN_WakeUpFromRxMsgCallback  stm32f4xx_hal_can.o
    0x08001362   0x08001362   0x000000ac   Code   RO         1584    i.HAL_DMA_Abort     stm32f4xx_hal_dma.o
    0x0800140e   0x0800140e   0x00000028   Code   RO         1585    i.HAL_DMA_Abort_IT  stm32f4xx_hal_dma.o
    0x08001436   0x08001436   0x00000002   PAD
    0x08001438   0x08001438   0x00000240   Code   RO         1589    i.HAL_DMA_IRQHandler  stm32f4xx_hal_dma.o
    0x08001678   0x08001678   0x000000ec   Code   RO         1590    i.HAL_DMA_Init      stm32f4xx_hal_dma.o
    0x08001764   0x08001764   0x00000092   Code   RO         1594    i.HAL_DMA_Start_IT  stm32f4xx_hal_dma.o
    0x080017f6   0x080017f6   0x00000002   PAD
    0x080017f8   0x080017f8   0x00000028   Code   RO         2032    i.HAL_Delay         stm32f4xx_hal.o
    0x08001820   0x08001820   0x00000210   Code   RO         1477    i.HAL_GPIO_Init     stm32f4xx_hal_gpio.o
    0x08001a30   0x08001a30   0x0000000c   Code   RO         1481    i.HAL_GPIO_WritePin  stm32f4xx_hal_gpio.o
    0x08001a3c   0x08001a3c   0x0000000c   Code   RO         2040    i.HAL_GetTick       stm32f4xx_hal.o
    0x08001a48   0x08001a48   0x00000018   Code   RO         2046    i.HAL_IncTick       stm32f4xx_hal.o
    0x08001a60   0x08001a60   0x0000003c   Code   RO         2047    i.HAL_Init          stm32f4xx_hal.o
    0x08001a9c   0x08001a9c   0x000000b4   Code   RO          747    i.HAL_InitTick      stm32f4xx_hal_timebase_tim.o
    0x08001b50   0x08001b50   0x00000054   Code   RO          723    i.HAL_MspInit       stm32f4xx_hal_msp.o
    0x08001ba4   0x08001ba4   0x00000028   Code   RO         1885    i.HAL_NVIC_EnableIRQ  stm32f4xx_hal_cortex.o
    0x08001bcc   0x08001bcc   0x0000007c   Code   RO         1891    i.HAL_NVIC_SetPriority  stm32f4xx_hal_cortex.o
    0x08001c48   0x08001c48   0x00000028   Code   RO         1892    i.HAL_NVIC_SetPriorityGrouping  stm32f4xx_hal_cortex.o
    0x08001c70   0x08001c70   0x00000184   Code   RO         1021    i.HAL_RCC_ClockConfig  stm32f4xx_hal_rcc.o
    0x08001df4   0x08001df4   0x00000044   Code   RO         1025    i.HAL_RCC_GetClockConfig  stm32f4xx_hal_rcc.o
    0x08001e38   0x08001e38   0x0000000c   Code   RO         1026    i.HAL_RCC_GetHCLKFreq  stm32f4xx_hal_rcc.o
    0x08001e44   0x08001e44   0x00000020   Code   RO         1028    i.HAL_RCC_GetPCLK1Freq  stm32f4xx_hal_rcc.o
    0x08001e64   0x08001e64   0x00000020   Code   RO         1029    i.HAL_RCC_GetPCLK2Freq  stm32f4xx_hal_rcc.o
    0x08001e84   0x08001e84   0x000000b0   Code   RO         1030    i.HAL_RCC_GetSysClockFreq  stm32f4xx_hal_rcc.o
    0x08001f34   0x08001f34   0x0000049c   Code   RO         1033    i.HAL_RCC_OscConfig  stm32f4xx_hal_rcc.o
    0x080023d0   0x080023d0   0x00000002   Code   RO         3012    i.HAL_TIMEx_BreakCallback  stm32f4xx_hal_tim_ex.o
    0x080023d2   0x080023d2   0x00000002   Code   RO         3013    i.HAL_TIMEx_CommutCallback  stm32f4xx_hal_tim_ex.o
    0x080023d4   0x080023d4   0x00000074   Code   RO         3015    i.HAL_TIMEx_ConfigBreakDeadTime  stm32f4xx_hal_tim_ex.o
    0x08002448   0x08002448   0x000000b4   Code   RO         3031    i.HAL_TIMEx_MasterConfigSynchronization  stm32f4xx_hal_tim_ex.o
    0x080024fc   0x080024fc   0x00000066   Code   RO         2297    i.HAL_TIM_Base_Init  stm32f4xx_hal_tim.o
    0x08002562   0x08002562   0x00000002   Code   RO         2299    i.HAL_TIM_Base_MspInit  stm32f4xx_hal_tim.o
    0x08002564   0x08002564   0x000000a8   Code   RO         2302    i.HAL_TIM_Base_Start_IT  stm32f4xx_hal_tim.o
    0x0800260c   0x0800260c   0x00000002   Code   RO         2331    i.HAL_TIM_IC_CaptureCallback  stm32f4xx_hal_tim.o
    0x0800260e   0x0800260e   0x0000016c   Code   RO         2345    i.HAL_TIM_IRQHandler  stm32f4xx_hal_tim.o
    0x0800277a   0x0800277a   0x00000002   PAD
    0x0800277c   0x0800277c   0x00000130   Code   RO          439    i.HAL_TIM_MspPostInit  tim.o
    0x080028ac   0x080028ac   0x00000070   Code   RO         2346    i.HAL_TIM_OC_ConfigChannel  stm32f4xx_hal_tim.o
    0x0800291c   0x0800291c   0x00000002   Code   RO         2348    i.HAL_TIM_OC_DelayElapsedCallback  stm32f4xx_hal_tim.o
    0x0800291e   0x0800291e   0x00000066   Code   RO         2350    i.HAL_TIM_OC_Init   stm32f4xx_hal_tim.o
    0x08002984   0x08002984   0x00000002   Code   RO         2352    i.HAL_TIM_OC_MspInit  stm32f4xx_hal_tim.o
    0x08002986   0x08002986   0x00000104   Code   RO         2369    i.HAL_TIM_PWM_ConfigChannel  stm32f4xx_hal_tim.o
    0x08002a8a   0x08002a8a   0x00000066   Code   RO         2372    i.HAL_TIM_PWM_Init  stm32f4xx_hal_tim.o
    0x08002af0   0x08002af0   0x0000008c   Code   RO          441    i.HAL_TIM_PWM_MspInit  tim.o
    0x08002b7c   0x08002b7c   0x00000002   Code   RO         2375    i.HAL_TIM_PWM_PulseFinishedCallback  stm32f4xx_hal_tim.o
    0x08002b7e   0x08002b7e   0x00000002   PAD
    0x08002b80   0x08002b80   0x0000010c   Code   RO         2377    i.HAL_TIM_PWM_Start  stm32f4xx_hal_tim.o
    0x08002c8c   0x08002c8c   0x00000018   Code   RO           14    i.HAL_TIM_PeriodElapsedCallback  main.o
    0x08002ca4   0x08002ca4   0x00000002   Code   RO         2388    i.HAL_TIM_TriggerCallback  stm32f4xx_hal_tim.o
    0x08002ca6   0x08002ca6   0x00000002   Code   RO         3291    i.HAL_UARTEx_RxEventCallback  stm32f4xx_hal_uart.o
    0x08002ca8   0x08002ca8   0x0000008a   Code   RO         3303    i.HAL_UART_DMAStop  stm32f4xx_hal_uart.o
    0x08002d32   0x08002d32   0x00000002   Code   RO         3305    i.HAL_UART_ErrorCallback  stm32f4xx_hal_uart.o
    0x08002d34   0x08002d34   0x000002e8   Code   RO         3308    i.HAL_UART_IRQHandler  stm32f4xx_hal_uart.o
    0x0800301c   0x0800301c   0x00000076   Code   RO         3309    i.HAL_UART_Init     stm32f4xx_hal_uart.o
    0x08003092   0x08003092   0x00000002   PAD
    0x08003094   0x08003094   0x000002a4   Code   RO          500    i.HAL_UART_MspInit  usart.o
    0x08003338   0x08003338   0x0000002c   Code   RO         3313    i.HAL_UART_Receive_DMA  stm32f4xx_hal_uart.o
    0x08003364   0x08003364   0x00000002   Code   RO         3315    i.HAL_UART_RxCpltCallback  stm32f4xx_hal_uart.o
    0x08003366   0x08003366   0x00000002   Code   RO         3316    i.HAL_UART_RxHalfCpltCallback  stm32f4xx_hal_uart.o
    0x08003368   0x08003368   0x0000008c   Code   RO         3318    i.HAL_UART_Transmit_DMA  stm32f4xx_hal_uart.o
    0x080033f4   0x080033f4   0x00000002   Code   RO         3320    i.HAL_UART_TxCpltCallback  stm32f4xx_hal_uart.o
    0x080033f6   0x080033f6   0x00000002   Code   RO         3321    i.HAL_UART_TxHalfCpltCallback  stm32f4xx_hal_uart.o
    0x080033f8   0x080033f8   0x0000005c   Code   RO          273    i.Handle_Task       freertos.o
    0x08003454   0x08003454   0x00000004   Code   RO          602    i.HardFault_Handler  stm32f4xx_it.o
    0x08003458   0x08003458   0x00000030   Code   RO          274    i.Init_Task         freertos.o
    0x08003488   0x08003488   0x00000038   Code   RO          501    i.Jetson_Append_Float_BigEndian  usart.o
    0x080034c0   0x080034c0   0x0000001c   Code   RO          502    i.Jetson_Calc_Checksum  usart.o
    0x080034dc   0x080034dc   0x000002e8   Code   RO          503    i.Jetson_Decode     usart.o
    0x080037c4   0x080037c4   0x00000094   Code   RO          504    i.Jetson_Send_Vesc_Feedback  usart.o
    0x08003858   0x08003858   0x0000004c   Code   RO          362    i.MX_CAN1_Init      can.o
    0x080038a4   0x080038a4   0x00000048   Code   RO          363    i.MX_CAN2_Init      can.o
    0x080038ec   0x080038ec   0x00000088   Code   RO          415    i.MX_DMA_Init       dma.o
    0x08003974   0x08003974   0x000000b4   Code   RO          275    i.MX_FREERTOS_Init  freertos.o
    0x08003a28   0x08003a28   0x000001dc   Code   RO          249    i.MX_GPIO_Init      gpio.o
    0x08003c04   0x08003c04   0x000000ac   Code   RO          442    i.MX_TIM2_Init      tim.o
    0x08003cb0   0x08003cb0   0x000000bc   Code   RO          443    i.MX_TIM5_Init      tim.o
    0x08003d6c   0x08003d6c   0x000000dc   Code   RO          444    i.MX_TIM8_Init      tim.o
    0x08003e48   0x08003e48   0x00000038   Code   RO          505    i.MX_UART7_Init     usart.o
    0x08003e80   0x08003e80   0x00000054   Code   RO          506    i.MX_UART8_Init     usart.o
    0x08003ed4   0x08003ed4   0x00000038   Code   RO          507    i.MX_USART6_UART_Init  usart.o
    0x08003f0c   0x08003f0c   0x00000004   Code   RO          603    i.MemManage_Handler  stm32f4xx_it.o
    0x08003f10   0x08003f10   0x0000000a   Code   RO          276    i.Monitor_Task      freertos.o
    0x08003f1a   0x08003f1a   0x00000002   PAD
    0x08003f1c   0x08003f1c   0x000001bc   Code   RO         5009    i.MotorPositionPidInit  pid.o
    0x080040d8   0x080040d8   0x000001c4   Code   RO         5010    i.MotorSpeedPidInit  pid.o
    0x0800429c   0x0800429c   0x00000004   Code   RO          604    i.NMI_Handler       stm32f4xx_it.o
    0x080042a0   0x080042a0   0x0000000c   Code   RO         5012    i.PidInit           pid.o
    0x080042ac   0x080042ac   0x0000008c   Code   RO          277    i.Regulate_Task     freertos.o
    0x08004338   0x08004338   0x0000000a   Code   RO          278    i.StartDefaultTask  freertos.o
    0x08004342   0x08004342   0x00000002   PAD
    0x08004344   0x08004344   0x00000034   Code   RO         4928    i.SysTick_Handler   port.o
    0x08004378   0x08004378   0x000000b4   Code   RO           15    i.SystemClock_Config  main.o
    0x0800442c   0x0800442c   0x00000014   Code   RO         3653    i.SystemInit        system_stm32f4xx.o
    0x08004440   0x08004440   0x0000005c   Code   RO         5089    i.System_Init       system_config.o
    0x0800449c   0x0800449c   0x00000010   Code   RO          605    i.TIM6_DAC_IRQHandler  stm32f4xx_it.o
    0x080044ac   0x080044ac   0x000000e8   Code   RO         2390    i.TIM_Base_SetConfig  stm32f4xx_hal_tim.o
    0x08004594   0x08004594   0x00000022   Code   RO         2391    i.TIM_CCxChannelCmd  stm32f4xx_hal_tim.o
    0x080045b6   0x080045b6   0x00000002   PAD
    0x080045b8   0x080045b8   0x00000070   Code   RO         2403    i.TIM_OC1_SetConfig  stm32f4xx_hal_tim.o
    0x08004628   0x08004628   0x0000007c   Code   RO         2404    i.TIM_OC2_SetConfig  stm32f4xx_hal_tim.o
    0x080046a4   0x080046a4   0x00000078   Code   RO         2405    i.TIM_OC3_SetConfig  stm32f4xx_hal_tim.o
    0x0800471c   0x0800471c   0x00000054   Code   RO         2406    i.TIM_OC4_SetConfig  stm32f4xx_hal_tim.o
    0x08004770   0x08004770   0x00000010   Code   RO          606    i.UART7_IRQHandler  stm32f4xx_it.o
    0x08004780   0x08004780   0x0000005c   Code   RO          607    i.UART8_IRQHandler  stm32f4xx_it.o
    0x080047dc   0x080047dc   0x00000014   Code   RO         3322    i.UART_DMAAbortOnError  stm32f4xx_hal_uart.o
    0x080047f0   0x080047f0   0x00000050   Code   RO         3323    i.UART_DMAError     stm32f4xx_hal_uart.o
    0x08004840   0x08004840   0x000000b4   Code   RO         3324    i.UART_DMAReceiveCplt  stm32f4xx_hal_uart.o
    0x080048f4   0x080048f4   0x00000024   Code   RO         3326    i.UART_DMARxHalfCplt  stm32f4xx_hal_uart.o
    0x08004918   0x08004918   0x00000058   Code   RO         3328    i.UART_DMATransmitCplt  stm32f4xx_hal_uart.o
    0x08004970   0x08004970   0x0000000e   Code   RO         3330    i.UART_DMATxHalfCplt  stm32f4xx_hal_uart.o
    0x0800497e   0x0800497e   0x0000006c   Code   RO         3332    i.UART_EndRxTransfer  stm32f4xx_hal_uart.o
    0x080049ea   0x080049ea   0x00000020   Code   RO         3333    i.UART_EndTransmit_IT  stm32f4xx_hal_uart.o
    0x08004a0a   0x08004a0a   0x00000026   Code   RO         3334    i.UART_EndTxTransfer  stm32f4xx_hal_uart.o
    0x08004a30   0x08004a30   0x000000fc   Code   RO         3335    i.UART_Receive_IT   stm32f4xx_hal_uart.o
    0x08004b2c   0x08004b2c   0x0000022c   Code   RO         3336    i.UART_SetConfig    stm32f4xx_hal_uart.o
    0x08004d58   0x08004d58   0x000000c8   Code   RO         3337    i.UART_Start_Receive_DMA  stm32f4xx_hal_uart.o
    0x08004e20   0x08004e20   0x00000060   Code   RO         3339    i.UART_Transmit_IT  stm32f4xx_hal_uart.o
    0x08004e80   0x08004e80   0x00000004   Code   RO          608    i.UsageFault_Handler  stm32f4xx_it.o
    0x08004e84   0x08004e84   0x0000004c   Code   RO          279    i.Usart_Task        freertos.o
    0x08004ed0   0x08004ed0   0x00000010   Code   RO         1898    i.__NVIC_GetPriorityGrouping  stm32f4xx_hal_cortex.o
    0x08004ee0   0x08004ee0   0x00000028   Code   RO         1899    i.__NVIC_SetPriority  stm32f4xx_hal_cortex.o
    0x08004f08   0x08004f08   0x0000000e   Code   RO         5338    i.__scatterload_copy  mc_w.l(handlers.o)
    0x08004f16   0x08004f16   0x00000002   Code   RO         5339    i.__scatterload_null  mc_w.l(handlers.o)
    0x08004f18   0x08004f18   0x0000000e   Code   RO         5340    i.__scatterload_zeroinit  mc_w.l(handlers.o)
    0x08004f26   0x08004f26   0x0000002e   Code   RO         5120    i.buffer_append_int32  motor_control.o
    0x08004f54   0x08004f54   0x00000038   Code   RO         5121    i.comm_can_set_rpm  motor_control.o
    0x08004f8c   0x08004f8c   0x0000003c   Code   RO         5122    i.comm_can_transmit_eid  motor_control.o
    0x08004fc8   0x08004fc8   0x00000084   Code   RO         5123    i.get_motor_measure  motor_control.o
    0x0800504c   0x0800504c   0x00000028   Code   RO           16    i.main              main.o
    0x08005074   0x08005074   0x0000000e   Code   RO         4493    i.makeFreeRtosPriority  cmsis_os.o
    0x08005082   0x08005082   0x00000002   PAD
    0x08005084   0x08005084   0x0000006c   Code   RO          364    i.my_can_filter_init_recv_all  can.o
    0x080050f0   0x080050f0   0x00000018   Code   RO         4495    i.osDelay           cmsis_os.o
    0x08005108   0x08005108   0x0000000a   Code   RO         4498    i.osKernelStart     cmsis_os.o
    0x08005112   0x08005112   0x0000005e   Code   RO         4532    i.osThreadCreate    cmsis_os.o
    0x08005170   0x08005170   0x00000098   Code   RO         4164    i.prvAddCurrentTaskToDelayedList  tasks.o
    0x08005208   0x08005208   0x000000b4   Code   RO         4165    i.prvAddNewTaskToReadyList  tasks.o
    0x080052bc   0x080052bc   0x00000048   Code   RO         4166    i.prvCheckTasksWaitingTermination  tasks.o
    0x08005304   0x08005304   0x00000050   Code   RO         4167    i.prvDeleteTCB      tasks.o
    0x08005354   0x08005354   0x0000007c   Code   RO         4860    i.prvHeapInit       heap_4.o
    0x080053d0   0x080053d0   0x00000028   Code   RO         4168    i.prvIdleTask       tasks.o
    0x080053f8   0x080053f8   0x000000b4   Code   RO         4169    i.prvInitialiseNewTask  tasks.o
    0x080054ac   0x080054ac   0x00000068   Code   RO         4170    i.prvInitialiseTaskLists  tasks.o
    0x08005514   0x08005514   0x00000068   Code   RO         4861    i.prvInsertBlockIntoFreeList  heap_4.o
    0x0800557c   0x0800557c   0x00000034   Code   RO         4171    i.prvResetNextTaskUnblockTime  tasks.o
    0x080055b0   0x080055b0   0x00000040   Code   RO         4929    i.prvTaskExitError  port.o
    0x080055f0   0x080055f0   0x0000014c   Code   RO         4862    i.pvPortMalloc      heap_4.o
    0x0800573c   0x0800573c   0x0000002c   Code   RO         4930    i.pxPortInitialiseStack  port.o
    0x08005768   0x08005768   0x00000028   Code   RO         3790    i.uxListRemove      list.o
    0x08005790   0x08005790   0x00000018   Code   RO          280    i.vApplicationGetIdleTaskMemory  freertos.o
    0x080057a8   0x080057a8   0x0000001a   Code   RO         3791    i.vListInitialise   list.o
    0x080057c2   0x080057c2   0x00000006   Code   RO         3792    i.vListInitialiseItem  list.o
    0x080057c8   0x080057c8   0x00000034   Code   RO         3793    i.vListInsert       list.o
    0x080057fc   0x080057fc   0x00000018   Code   RO         3794    i.vListInsertEnd    list.o
    0x08005814   0x08005814   0x00000054   Code   RO         4932    i.vPortEnterCritical  port.o
    0x08005868   0x08005868   0x0000003c   Code   RO         4933    i.vPortExitCritical  port.o
    0x080058a4   0x080058a4   0x000000a4   Code   RO         4863    i.vPortFree         heap_4.o
    0x08005948   0x08005948   0x00000028   Code   RO         4934    i.vPortSetupTimerInterrupt  port.o
    0x08005970   0x08005970   0x0000005c   Code   RO         4180    i.vTaskDelay        tasks.o
    0x080059cc   0x080059cc   0x000000b0   Code   RO         4193    i.vTaskStartScheduler  tasks.o
    0x08005a7c   0x08005a7c   0x00000010   Code   RO         4195    i.vTaskSuspendAll   tasks.o
    0x08005a8c   0x08005a8c   0x0000008c   Code   RO         4196    i.vTaskSwitchContext  tasks.o
    0x08005b18   0x08005b18   0x0000001c   Code   RO         5202    i.vesc_can_buffer_get_int16  vesc_can.o
    0x08005b34   0x08005b34   0x00000030   Code   RO         5203    i.vesc_can_buffer_get_int32  vesc_can.o
    0x08005b64   0x08005b64   0x00000008   Code   RO         5204    i.vesc_can_get_feedback_array  vesc_can.o
    0x08005b6c   0x08005b6c   0x00000200   Code   RO         5206    i.vesc_can_handle_rx_frame  vesc_can.o
    0x08005d6c   0x08005d6c   0x00000044   Code   RO         5207    i.vesc_can_init     vesc_can.o
    0x08005db0   0x08005db0   0x00000010   Code   RO         5209    i.vesc_can_is_valid_id  vesc_can.o
    0x08005dc0   0x08005dc0   0x00000020   Code   RO         5211    i.vesc_can_status_from_id  vesc_can.o
    0x08005de0   0x08005de0   0x0000003c   Code   RO         5212    i.vesc_can_update_feedback_array  vesc_can.o
    0x08005e1c   0x08005e1c   0x00000168   Code   RO         4936    i.xPortStartScheduler  port.o
    0x08005f84   0x08005f84   0x00000064   Code   RO         4199    i.xTaskCreate       tasks.o
    0x08005fe8   0x08005fe8   0x000000ba   Code   RO         4200    i.xTaskCreateStatic  tasks.o
    0x080060a2   0x080060a2   0x00000002   PAD
    0x080060a4   0x080060a4   0x00000148   Code   RO         4207    i.xTaskIncrementTick  tasks.o
    0x080061ec   0x080061ec   0x00000104   Code   RO         4213    i.xTaskResumeAll    tasks.o
    0x080062f0   0x080062f0   0x000000a8   Data   RO          282    .constdata          freertos.o
    0x08006398   0x08006398   0x00000008   Data   RO         1596    .constdata          stm32f4xx_hal_dma.o
    0x080063a0   0x080063a0   0x00000018   Data   RO         3654    .constdata          system_stm32f4xx.o
    0x080063b8   0x080063b8   0x00000048   Data   RO          283    .conststring        freertos.o
    0x08006400   0x08006400   0x00000020   Data   RO         5336    Region$$Table       anon$$obj.o


    Execution Region RW_IRAM2 (Exec base: 0x10000000, Load base: 0x080064d8, Size: 0x00000000, Max: 0x00010000, ABSOLUTE)

    **** No section assigned to this execution region ****


    Execution Region RW_IRAM1 (Exec base: 0x20000000, Load base: 0x08006420, Size: 0x00004fb0, Max: 0x00030000, ABSOLUTE)

    Exec Addr    Load Addr    Size         Type   Attr      Idx    E Section Name        Object

    0x20000000   0x08006420   0x00000038   Data   RW          284    .data               freertos.o
    0x20000038   0x08006458   0x00000004   Data   RW          366    .data               can.o
    0x2000003c   0x0800645c   0x00000002   Data   RW          609    .data               stm32f4xx_it.o
    0x2000003e   0x0800645e   0x00000002   PAD
    0x20000040   0x08006460   0x00000009   Data   RW         2054    .data               stm32f4xx_hal.o
    0x20000049   0x08006469   0x00000003   PAD
    0x2000004c   0x0800646c   0x00000004   Data   RW         3655    .data               system_stm32f4xx.o
    0x20000050   0x08006470   0x0000003c   Data   RW         4216    .data               tasks.o
    0x2000008c   0x080064ac   0x00000020   Data   RW         4869    .data               heap_4.o
    0x200000ac   0x080064cc   0x0000000c   Data   RW         4937    .data               port.o
    0x200000b8        -       0x0000026c   Zero   RW          281    .bss                freertos.o
    0x20000324        -       0x00000050   Zero   RW          365    .bss                can.o
    0x20000374        -       0x000000d8   Zero   RW          445    .bss                tim.o
    0x2000044c        -       0x000003a8   Zero   RW          510    .bss                usart.o
    0x200007f4        -       0x00000048   Zero   RW          750    .bss                stm32f4xx_hal_timebase_tim.o
    0x2000083c        -       0x000000f0   Zero   RW         4215    .bss                tasks.o
    0x2000092c        -       0x00003c00   Zero   RW         4868    .bss                heap_4.o
    0x2000452c        -       0x00000380   Zero   RW         5016    .bss                pid.o
    0x200048ac        -       0x000001d0   Zero   RW         5124    .bss                motor_control.o
    0x20004a7c        -       0x00000130   Zero   RW         5213    .bss                vesc_can.o
    0x20004bac   0x080064d8   0x00000004   PAD
    0x20004bb0        -       0x00000400   Zero   RW            1    STACK               startup_stm32f427xx.o


==============================================================================

Image component sizes


      Code (inc. data)   RO Data    RW Data    ZI Data      Debug   Object Name

       644         56          0          4         80       3228   can.o
       142          0          0          0          0      23119   cmsis_os.o
       136          6          0          0          0        846   dma.o
         0          0          0          0          0      16960   event_groups.o
       580         88        240         56        620      15331   freertos.o
       476         30          0          0          0       1283   gpio.o
       724         74          0         32      15360       7499   heap_4.o
       148          0          0          0          0       3638   list.o
       250         16          0          0          0     782044   main.o
      1042         60          0          0        464      12232   motor_control.o
      1122        100          0          0        896       5114   pid.o
       894         78          0         12          0      11248   port.o
        36          8        428          0       1024        844   startup_stm32f427xx.o
       136         24          0          9          0       8934   stm32f4xx_hal.o
      2200          6          0          0          0      14689   stm32f4xx_hal_can.o
       260         22          0          0          0      33626   stm32f4xx_hal_cortex.o
      1436         16          8          0          0       7110   stm32f4xx_hal_dma.o
       540         54          0          0          0       2156   stm32f4xx_hal_gpio.o
        84          6          0          0          0        878   stm32f4xx_hal_msp.o
      1888         94          0          0          0       6345   stm32f4xx_hal_rcc.o
      2196        142          0          0          0      15147   stm32f4xx_hal_tim.o
       300         30          0          0          0       3401   stm32f4xx_hal_tim_ex.o
       180         20          0          0         72       1499   stm32f4xx_hal_timebase_tim.o
      2896         40          0          0          0      18491   stm32f4xx_hal_uart.o
       274         76          0          2          0       9407   stm32f4xx_it.o
         0          0          0          0          0        416   stream_buffer.o
        92         10          0          0          0        554   system_config.o
        20          6         24          4          0       1159   system_stm32f4xx.o
      2158        270          0         60        240      20637   tasks.o
      1024         60          0          0        216       4221   tim.o
      1848        100          0          0        936       6882   usart.o
       772         42          0          0        304       7048   vesc_can.o

    ----------------------------------------------------------------------
     24530       1534        732        184      20216    1045986   Object Totals
         0          0         32          0          0          0   (incl. Generated)
        32          0          0          5          4          0   (incl. Padding)

    ----------------------------------------------------------------------

      Code (inc. data)   RO Data    RW Data    ZI Data      Debug   Library Member Name

         0          0          0          0          0          0   entry.o
         0          0          0          0          0          0   entry10a.o
         0          0          0          0          0          0   entry11a.o
         4          0          0          0          0          0   entry12b.o
         8          4          0          0          0          0   entry2.o
         4          0          0          0          0          0   entry5.o
         0          0          0          0          0          0   entry7b.o
         0          0          0          0          0          0   entry8b.o
         8          4          0          0          0          0   entry9a.o
        30          0          0          0          0          0   handlers.o
        36          8          0          0          0         68   init.o
         0          0          0          0          0          0   iusefp.o
        30          0          0          0          0         68   llshl.o
        32          0          0          0          0         68   llushr.o
        36          0          0          0          0         68   memcpya.o
        36          0          0          0          0        108   memseta.o
         8          0          0          0          0         68   siabs.o
        98          0          0          0          0         92   uldiv.o
        38          0          0          0          0         68   f2d.o

    ----------------------------------------------------------------------
       370         16          0          0          0        608   Library Totals
         2          0          0          0          0          0   (incl. Padding)

    ----------------------------------------------------------------------

      Code (inc. data)   RO Data    RW Data    ZI Data      Debug   Library Name

       330         16          0          0          0        540   mc_w.l
        38          0          0          0          0         68   mf_w.l

    ----------------------------------------------------------------------
       370         16          0          0          0        608   Library Totals

    ----------------------------------------------------------------------

==============================================================================


      Code (inc. data)   RO Data    RW Data    ZI Data      Debug   

     24900       1550        732        184      20216    1027242   Grand Totals
     24900       1550        732        184      20216    1027242   ELF Image Totals
     24900       1550        732        184          0          0   ROM Totals

==============================================================================

    Total RO  Size (Code + RO Data)                25632 (  25.03kB)
    Total RW  Size (RW Data + ZI Data)             20400 (  19.92kB)
    Total ROM Size (Code + RO Data + RW Data)      25816 (  25.21kB)

==============================================================================

